Microchip MPLAB XC8 Compiler V1.37 ()

Linker command line:

-W-3 --edf=C:\Program Files (x86)\Microchip\xc8\v1.37\dat\en_msgs.txt -cs \
  -h+dist/default/production\mini-project.X.production.sym \
  --cmf=dist/default/production\mini-project.X.production.cmf -z -Q18F97J60 \
  -oC:\Users\user\AppData\Local\Temp\s6dc.2 \
  -Mdist/default/production/mini-project.X.production.map -E1 -ver=XC8 \
  -ASTACK=063h-0e7fh -pstack=STACK -ACODE=00h-01FFF7h -ACONST=00h-01FFF7h \
  -ASMALLCONST=01000h-010FFhx495,01FF00h-01FFF7h \
  -AMEDIUMCONST=01000h-0FFFFh,011000h-01FFF7h -ACOMRAM=01h-05Fh \
  -AABS1=00h-0E7Fh,0F00h-0F5Fh -ABIGRAM=01h-0E7Fh,0F00h-0F5Fh \
  -ARAM=060h-0FFh,0100h-01FFhx13,0E00h-0E7Fh,0F00h-0F5Fh -ABANK0=060h-0FFh \
  -ABANK1=0100h-01FFh -ABANK2=0200h-02FFh -ABANK3=0300h-03FFh \
  -ABANK4=0400h-04FFh -ABANK5=0500h-05FFh -ABANK6=0600h-06FFh \
  -ABANK7=0700h-07FFh -ABANK8=0800h-08FFh -ABANK9=0900h-09FFh \
  -ABANK10=0A00h-0AFFh -ABANK11=0B00h-0BFFh -ABANK12=0C00h-0CFFh \
  -ABANK13=0D00h-0DFFh -ABANK14=0E00h-0E7Fh -ABANK15=0F00h-0F5Fh \
  -ASFR=0E80h-0EFFh,0F60h-0FFFh \
  -preset_vec=00h,intcode=08h,intcodelo=018h,powerup,init,end_init \
  -pramtop=01000h -psmallconst=SMALLCONST -pmediumconst=MEDIUMCONST \
  -pconst=CONST -AFARRAM=00h-00h -ACONFIG=01FFF8h-01FFFDh -pconfig=CONFIG \
  -pjflash_buffer=01F800h \
  -prdata=COMRAM,nvrram=COMRAM,nvbit=COMRAM,rbss=COMRAM,rbit=COMRAM \
  -pfarbss=FARRAM,fardata=FARRAM,nvFARRAM=FARRAM \
  -pintsave_regs=BIGRAM,bigbss=BIGRAM,bigdata=BIGRAM -pbss=RAM \
  -pidata=CODE,irdata=CODE,ibigdata=CODE,ifardata=CODE -prparam=COMRAM \
  C:\Users\user\AppData\Local\Temp\s6dc.obj \
  dist/default/production\mini-project.X.production.obj 

Object code version is 3.11

Machine type is 18F97J60

Call graph: (short form)




                Name                               Link     Load   Length Selector   Space Scale
C:\Users\user\AppData\Local\Temp\s6dc.obj
                end_init                             A6       A6        4        C       0
                reset_vec                             0        0        4        0       0
                config                            1FFF8    1FFF8        6    1FFF8       0
dist/default/production\mini-project.X.production.obj
                intcodelo                            18       18       8E        C       0
                intcode                               8        8        E        4       0
                temp                                 40       40        1        1       1
                intcode_body                        168      168       92        C       0
                text4                               236      236       3C        C       0
                text3                               2A4      2A4       32        C       0
                text2                               1FA      1FA       3C        C       0
                text1                                AA       AA       BE        C       0
                text0                               2EE      2EE       14        C       0
                cstackCOMRAM                          1        1       23        1       1
                cstackBANK0                          60       60        3       60       1
                dataCOMRAM                           24       24       18        1       1
                bssCOMRAM                            3C       3C        4        1       1
                cinit                               272      272       32        C       0
                idataCOMRAM                         2D6      2D6       18        C       0

TOTAL           Name                               Link     Load   Length     Space
        CLASS   STACK          

        CLASS   CODE           
                end_init                             A6       A6        4         0
                intcodelo                            18       18       8E         0
                intcode                               8        8        E         0
                reset_vec                             0        0        4         0
                intcode_body                        168      168       92         0
                text4                               236      236       3C         0
                text3                               2A4      2A4       32         0
                text2                               1FA      1FA       3C         0
                text1                                AA       AA       BE         0
                text0                               2EE      2EE       14         0
                cinit                               272      272       32         0
                idataCOMRAM                         2D6      2D6       18         0

        CLASS   CONST          

        CLASS   SMALLCONST     

        CLASS   MEDIUMCONST    

        CLASS   COMRAM         
                temp                                 40       40        1         1
                cstackCOMRAM                          1        1       23         1
                dataCOMRAM                           24       24       18         1
                bssCOMRAM                            3C       3C        4         1

        CLASS   ABS1           

        CLASS   BIGRAM         

        CLASS   RAM            

        CLASS   BANK0          
                cstackBANK0                          60       60        3         1

        CLASS   BANK1          

        CLASS   BANK2          

        CLASS   BANK3          

        CLASS   BANK4          

        CLASS   BANK5          

        CLASS   BANK6          

        CLASS   BANK7          

        CLASS   BANK8          

        CLASS   BANK9          

        CLASS   BANK10         

        CLASS   BANK11         

        CLASS   BANK12         

        CLASS   BANK13         

        CLASS   BANK14         

        CLASS   BANK15         

        CLASS   SFR            

        CLASS   FARRAM         

        CLASS   CONFIG         
                config                            1FFF8    1FFF8        6         0

        CLASS   IDLOC          



SEGMENTS        Name                           Load    Length   Top    Selector   Space  Class

                reset_vec                      000000  000004  000004         0       0  CODE    
                cstackCOMRAM                   000001  000040  000041         1       1  COMRAM  
                intcode                        000008  00000E  000016         4       0  CODE    
                intcodelo                      000018  0002EA  000302         C       0  CODE    
                cstackBANK0                    000060  000003  000063        60       1  BANK0   
                config                         01FFF8  000006  01FFFE     1FFF8       0  CONFIG  


UNUSED ADDRESS RANGES

        Name                Unused          Largest block    Delta
        BANK0            00063-000FF              9D
        BANK1            00100-001FF             100
        BANK10           00A00-00AFF             100
        BANK11           00B00-00BFF             100
        BANK12           00C00-00CFF             100
        BANK13           00D00-00DFF             100
        BANK14           00E00-00E7F              80
        BANK15           00F00-00F5F              60
        BANK2            00200-002FF             100
        BANK3            00300-003FF             100
        BANK4            00400-004FF             100
        BANK5            00500-005FF             100
        BANK6            00600-006FF             100
        BANK7            00700-007FF             100
        BANK8            00800-008FF             100
        BANK9            00900-009FF             100
        BIGRAM           00041-0005F              1F
                         00063-00E7F             E1D
                         00F00-00F5F              60
        CODE             00004-00007               4
                         00016-00017               2
                         00302-1FFF7           1FCF6
        COMRAM           00041-0005F              1F
        CONST            00004-00007               4
                         00016-00017               2
                         00302-1FFF7           1FCF6
        MEDIUMCONST      01000-0FFFF            F000
                         11000-1FFF7            EFF8
        RAM              00063-00E7F             100
                         00F00-00F5F              60
        SFR              00E80-00EFF              80
                         00F60-00FFF              A0
        SMALLCONST       01000-1FFF7             100
        STACK            00063-00E7F             E1D

                                  Symbol Table

LCD8send@c               cstackBANK0   00062
LCD8send@mode            cstackCOMRAM  00023
_BAUDCON1                (abs)         00F7E
_HighIsr                 intcode       00008
_INTCONbits              (abs)         00FF2
_IPR1bits                (abs)         00F9F
_IPR3bits                (abs)         00FA5
_LATCbits                (abs)         00F8B
_LATD                    (abs)         00F8C
_LATE                    (abs)         00F8D
_LATHbits                (abs)         00F90
_LCD8init                text1         000AA
_LCD8send                text2         001FA
_LowIsr                  intcodelo     00018
_PIE1bits                (abs)         00F9D
_PIE3bits                (abs)         00FA3
_PIR1bits                (abs)         00F9E
_PIR3bits                (abs)         00FA4
_PORTD                   (abs)         00F83
_RCONbits                (abs)         00FD0
_RCSTA1bits              (abs)         00FAB
_RCSTAbits               (abs)         00FAB
_SPBRG1                  (abs)         00FAF
_SSP1BUF                 (abs)         00FC9
_SSP1CON1                (abs)         00FC6
_SSP1STATbits            (abs)         00FC7
_TRISCbits               (abs)         00F94
_TRISD                   (abs)         00F95
_TRISE                   (abs)         00F96
_TRISH                   (abs)         00F99
_TXREG1                  (abs)         00FAD
_TXSTA1                  (abs)         00FAC
_TXSTA1bits              (abs)         00FAC
__CFG_FOSC$HS            (abs)         00000
__CFG_WDT$OFF            (abs)         00000
__CFG_XINST$OFF          (abs)         00000
__HRAM                   (abs)         00000
__Habs1                  abs1          00000
__Hbank0                 bank0         00000
__Hbank1                 bank1         00000
__Hbank10                bank10        00000
__Hbank11                bank11        00000
__Hbank12                bank12        00000
__Hbank13                bank13        00000
__Hbank14                bank14        00000
__Hbank15                bank15        00000
__Hbank2                 bank2         00000
__Hbank3                 bank3         00000
__Hbank4                 bank4         00000
__Hbank5                 bank5         00000
__Hbank6                 bank6         00000
__Hbank7                 bank7         00000
__Hbank8                 bank8         00000
__Hbank9                 bank9         00000
__Hbigbss                bigbss        00000
__Hbigdata               bigdata       00000
__Hbigram                bigram        00000
__Hbss                   bss           00000
__HbssCOMRAM             bssCOMRAM     00000
__Hcinit                 cinit         00000
__Hclrtext               clrtext       00000
__Hcomram                comram        00000
__Hconfig                config        1FFFE
__Hconst                 const         00000
__HcstackBANK0           cstackBANK0   00000
__HcstackCOMRAM          cstackCOMRAM  00000
__Hdata                  data          00000
__HdataCOMRAM            dataCOMRAM    00000
__Hend_init              end_init      000AA
__Hfarbss                farbss        00000
__Hfardata               fardata       00000
__Hibigdata              ibigdata      00000
__Hidata                 idata         00000
__HidataCOMRAM           idataCOMRAM   00000
__Hidloc                 idloc         00000
__Hifardata              ifardata      00000
__Hinit                  init          000A6
__Hintcode               intcode       00016
__Hintcode_body          intcode_body  00000
__Hintcodelo             intcodelo     000A6
__Hintentry              intentry      00000
__Hintret                intret        00000
__Hintsave_regs          intsave_regs  00000
__Hirdata                irdata        00000
__Hjflash_buffer         jflash_buffer 1F800
__Hmediumconst           mediumconst   00000
__HnvFARRAM              nvFARRAM      00000
__Hnvbit                 nvbit         00000
__Hnvrram                nvrram        00000
__Hparam                 rparam        00000
__Hpowerup               powerup       000A6
__Hram                   ram           00000
__Hramtop                ramtop        01000
__Hrbit                  rbit          00000
__Hrbss                  rbss          00000
__Hrdata                 rdata         00000
__Hreset_vec             reset_vec     00004
__Hrparam                rparam        00000
__Hsfr                   sfr           00000
__Hsmallconst            smallconst    00000
__Hspace_0               (abs)         1FFFE
__Hspace_1               (abs)         00063
__Hspace_2               (abs)         00000
__Hstack                 stack         00000
__Hstruct                struct        00000
__Htemp                  temp          00041
__Htext                  text          00000
__Htext0                 text0         00000
__Htext1                 text1         00000
__Htext2                 text2         00000
__Htext3                 text3         00000
__Htext4                 text4         00000
__LRAM                   (abs)         00001
__Labs1                  abs1          00000
__Lbank0                 bank0         00000
__Lbank1                 bank1         00000
__Lbank10                bank10        00000
__Lbank11                bank11        00000
__Lbank12                bank12        00000
__Lbank13                bank13        00000
__Lbank14                bank14        00000
__Lbank15                bank15        00000
__Lbank2                 bank2         00000
__Lbank3                 bank3         00000
__Lbank4                 bank4         00000
__Lbank5                 bank5         00000
__Lbank6                 bank6         00000
__Lbank7                 bank7         00000
__Lbank8                 bank8         00000
__Lbank9                 bank9         00000
__Lbigbss                bigbss        00000
__Lbigdata               bigdata       00000
__Lbigram                bigram        00000
__Lbss                   bss           00000
__LbssCOMRAM             bssCOMRAM     00000
__Lcinit                 cinit         00000
__Lclrtext               clrtext       00000
__Lcomram                comram        00000
__Lconfig                config        1FFF8
__Lconst                 const         00000
__LcstackBANK0           cstackBANK0   00000
__LcstackCOMRAM          cstackCOMRAM  00000
__Ldata                  data          00000
__LdataCOMRAM            dataCOMRAM    00000
__Lend_init              end_init      000A6
__Lfarbss                farbss        00000
__Lfardata               fardata       00000
__Libigdata              ibigdata      00000
__Lidata                 idata         00000
__LidataCOMRAM           idataCOMRAM   00000
__Lidloc                 idloc         00000
__Lifardata              ifardata      00000
__Linit                  init          000A6
__Lintcode               intcode       00008
__Lintcode_body          intcode_body  00000
__Lintcodelo             intcodelo     00018
__Lintentry              intentry      00000
__Lintret                intret        00000
__Lintsave_regs          intsave_regs  00000
__Lirdata                irdata        00000
__Ljflash_buffer         jflash_buffer 1F800
__Lmediumconst           mediumconst   00000
__LnvFARRAM              nvFARRAM      00000
__Lnvbit                 nvbit         00000
__Lnvrram                nvrram        00000
__Lparam                 rparam        00000
__Lpowerup               powerup       000A6
__Lram                   ram           00000
__Lramtop                ramtop        01000
__Lrbit                  rbit          00000
__Lrbss                  rbss          00000
__Lrdata                 rdata         00000
__Lreset_vec             reset_vec     00000
__Lrparam                rparam        00000
__Lsfr                   sfr           00000
__Lsmallconst            smallconst    00000
__Lspace_0               (abs)         00000
__Lspace_1               (abs)         00000
__Lspace_2               (abs)         00000
__Lstack                 stack         00000
__Lstruct                struct        00000
__Ltemp                  temp          00040
__Ltext                  text          00000
__Ltext0                 text0         00000
__Ltext1                 text1         00000
__Ltext2                 text2         00000
__Ltext3                 text3         00000
__Ltext4                 text4         00000
__S0                     (abs)         1FFFE
__S1                     (abs)         00063
__S2                     (abs)         00000
___extmem_base           (abs)         20000
___inthi_sp              stack         00000
___intlo_sp              stack         00000
___param_bank            (abs)         00010
___rparam_used           (abs)         00001
___sp                    stack         00000
__accesstop              (abs)         00060
__activetblptr           (abs)         00000
__end_of_HighIsr         intcode_body  001FA
__end_of_LCD8init        text1         00168
__end_of_LCD8send        text2         00236
__end_of_LowIsr          intcodelo     000A6
__end_of__initialization cinit         0029A
__end_of_delay_ms        text4         00272
__end_of_delay_us        text3         002D6
__end_of_main            text0         00302
__initialization         cinit         00272
__mediumconst            mediumconst   00000
__pbssCOMRAM             bssCOMRAM     0003C
__pcinit                 cinit         00272
__pcstackBANK0           cstackBANK0   00060
__pcstackCOMRAM          cstackCOMRAM  00001
__pdataCOMRAM            dataCOMRAM    00024
__pidataCOMRAM           idataCOMRAM   002D6
__pintcode               intcode       00008
__pintcode_body          intcode_body  00168
__pintcodelo             intcodelo     00018
__ptext0                 text0         002EE
__ptext1                 text1         000AA
__ptext2                 text2         001FA
__ptext3                 text3         002A4
__ptext4                 text4         00236
__ramtop                 ramtop        01000
__size_of_HighIsr        (abs)         00000
__size_of_LCD8init       (abs)         00000
__size_of_LCD8send       (abs)         00000
__size_of_LowIsr         (abs)         00000
__size_of_delay_ms       (abs)         00000
__size_of_delay_us       (abs)         00000
__size_of_main           (abs)         00000
__smallconst             smallconst    00000
_counter                 bssCOMRAM     0003C
_delay_ms                text4         00236
_delay_us                text3         002A4
_main                    text0         002EE
_scan_code               dataCOMRAM    00024
_sec                     bssCOMRAM     0003E
btemp                    temp          00040
clr_screen@F6532         dataCOMRAM    00034
cursor_home@F6537        dataCOMRAM    00038
delay_ms@i               cstackBANK0   00060
delay_ms@x               cstackCOMRAM  00020
delay_us@i               cstackBANK0   00060
delay_us@x               cstackCOMRAM  00020
end_of_initialization    cinit         0029A
int$flags                temp          00040
int_func                 intcode_body  00168
intlevel0                text          00000
intlevel1                text          00000
intlevel2                text          00000
intlevel3                text          00000
stackhi                  (abs)         00E7F
stacklo                  (abs)         00063
start                    init          000A6
start_initialization     cinit         00272


FUNCTION INFORMATION:

 *************** function _main *****************
 Defined at:
		line 31 in file "test.c"
 Parameters:    Size  Location     Type
		None
 Auto vars:     Size  Location     Type
		None
 Return value:  Size  Location     Type
                  1    wreg      void 
 Registers used:
		wreg, status,2, status,0, cstack
 Tracked objects:
		On entry : 
		On exit  : 
		Unchanged: 
 Data sizes:     COMRAM   BANK0   BANK1   BANK2   BANK3   BANK4   BANK5   BANK6   BANK7   BANK8   BANK9  BANK10  BANK11  BANK12  BANK13  BANK14  BANK15
      Params:         0       0       0       0       0       0       0       0       0       0       0       0       0       0       0       0       0
      Locals:         0       0       0       0       0       0       0       0       0       0       0       0       0       0       0       0       0
      Temps:          0       0       0       0       0       0       0       0       0       0       0       0       0       0       0       0       0
      Totals:         0       0       0       0       0       0       0       0       0       0       0       0       0       0       0       0       0
Total ram usage:        0 bytes
 Hardware stack levels required when called:    5
 This function calls:
		_LCD8init
		_delay_ms
 This function is called by:
		Startup code after reset
 This function uses a non-reentrant model


 *************** function _LCD8init *****************
 Defined at:
		line 11 in file "LCD8.c"
 Parameters:    Size  Location     Type
		None
 Auto vars:     Size  Location     Type
		None
 Return value:  Size  Location     Type
                  1    wreg      void 
 Registers used:
		wreg, status,2, status,0, cstack
 Tracked objects:
		On entry : 
		On exit  : 
		Unchanged: 
 Data sizes:     COMRAM   BANK0   BANK1   BANK2   BANK3   BANK4   BANK5   BANK6   BANK7   BANK8   BANK9  BANK10  BANK11  BANK12  BANK13  BANK14  BANK15
      Params:         0       0       0       0       0       0       0       0       0       0       0       0       0       0       0       0       0
      Locals:         0       0       0       0       0       0       0       0       0       0       0       0       0       0       0       0       0
      Temps:          0       0       0       0       0       0       0       0       0       0       0       0       0       0       0       0       0
      Totals:         0       0       0       0       0       0       0       0       0       0       0       0       0       0       0       0       0
Total ram usage:        0 bytes
 Hardware stack levels used:    1
 Hardware stack levels required when called:    4
 This function calls:
		_LCD8send
		_delay_ms
 This function is called by:
		_main
 This function uses a non-reentrant model


 *************** function _LCD8send *****************
 Defined at:
		line 41 in file "LCD8.c"
 Parameters:    Size  Location     Type
  c               1    wreg     unsigned char 
  mode            1   34[COMRAM] unsigned char 
 Auto vars:     Size  Location     Type
  c               1    2[BANK0 ] unsigned char 
 Return value:  Size  Location     Type
                  1    wreg      void 
 Registers used:
		wreg, status,2, status,0, cstack
 Tracked objects:
		On entry : 
		On exit  : 
		Unchanged: 
 Data sizes:     COMRAM   BANK0   BANK1   BANK2   BANK3   BANK4   BANK5   BANK6   BANK7   BANK8   BANK9  BANK10  BANK11  BANK12  BANK13  BANK14  BANK15
      Params:         1       0       0       0       0       0       0       0       0       0       0       0       0       0       0       0       0
      Locals:         0       1       0       0       0       0       0       0       0       0       0       0       0       0       0       0       0
      Temps:          0       0       0       0       0       0       0       0       0       0       0       0       0       0       0       0       0
      Totals:         1       1       0       0       0       0       0       0       0       0       0       0       0       0       0       0       0
Total ram usage:        2 bytes
 Hardware stack levels used:    1
 Hardware stack levels required when called:    3
 This function calls:
		_delay_ms
		_delay_us
 This function is called by:
		_LCD8init
 This function uses a non-reentrant model


 *************** function _delay_us *****************
 Defined at:
		line 15 in file "delay.c"
 Parameters:    Size  Location     Type
  x               2   31[COMRAM] int 
 Auto vars:     Size  Location     Type
  i               2    0[BANK0 ] int 
 Return value:  Size  Location     Type
                  1    wreg      void 
 Registers used:
		wreg, status,2, status,0
 Tracked objects:
		On entry : 
		On exit  : 
		Unchanged: 
 Data sizes:     COMRAM   BANK0   BANK1   BANK2   BANK3   BANK4   BANK5   BANK6   BANK7   BANK8   BANK9  BANK10  BANK11  BANK12  BANK13  BANK14  BANK15
      Params:         2       0       0       0       0       0       0       0       0       0       0       0       0       0       0       0       0
      Locals:         0       2       0       0       0       0       0       0       0       0       0       0       0       0       0       0       0
      Temps:          1       0       0       0       0       0       0       0       0       0       0       0       0       0       0       0       0
      Totals:         3       2       0       0       0       0       0       0       0       0       0       0       0       0       0       0       0
Total ram usage:        5 bytes
 Hardware stack levels used:    1
 Hardware stack levels required when called:    2
 This function calls:
		Nothing
 This function is called by:
		_LCD8send
		_SPI_LCD4send
 This function uses a non-reentrant model


 *************** function _delay_ms *****************
 Defined at:
		line 7 in file "delay.c"
 Parameters:    Size  Location     Type
  x               2   31[COMRAM] int 
 Auto vars:     Size  Location     Type
  i               2    0[BANK0 ] int 
 Return value:  Size  Location     Type
                  1    wreg      void 
 Registers used:
		wreg, status,2, status,0
 Tracked objects:
		On entry : 
		On exit  : 
		Unchanged: 
 Data sizes:     COMRAM   BANK0   BANK1   BANK2   BANK3   BANK4   BANK5   BANK6   BANK7   BANK8   BANK9  BANK10  BANK11  BANK12  BANK13  BANK14  BANK15
      Params:         2       0       0       0       0       0       0       0       0       0       0       0       0       0       0       0       0
      Locals:         0       2       0       0       0       0       0       0       0       0       0       0       0       0       0       0       0
      Temps:          1       0       0       0       0       0       0       0       0       0       0       0       0       0       0       0       0
      Totals:         3       2       0       0       0       0       0       0       0       0       0       0       0       0       0       0       0
Total ram usage:        5 bytes
 Hardware stack levels used:    1
 Hardware stack levels required when called:    2
 This function calls:
		Nothing
 This function is called by:
		_LCD8init
		_LCD8send
		_main
		_SPI_LCD4send
		_SPI_LCD4init
 This function uses a non-reentrant model


 *************** function _LowIsr *****************
 Defined at:
		line 26 in file "test.c"
 Parameters:    Size  Location     Type
		None
 Auto vars:     Size  Location     Type
		None
 Return value:  Size  Location     Type
                  1    wreg      void 
 Registers used:
		None
 Tracked objects:
		On entry : 
		On exit  : 
		Unchanged: 
 Data sizes:     COMRAM   BANK0   BANK1   BANK2   BANK3   BANK4   BANK5   BANK6   BANK7   BANK8   BANK9  BANK10  BANK11  BANK12  BANK13  BANK14  BANK15
      Params:         0       0       0       0       0       0       0       0       0       0       0       0       0       0       0       0       0
      Locals:         0       0       0       0       0       0       0       0       0       0       0       0       0       0       0       0       0
      Temps:         17       0       0       0       0       0       0       0       0       0       0       0       0       0       0       0       0
      Totals:        17       0       0       0       0       0       0       0       0       0       0       0       0       0       0       0       0
Total ram usage:       17 bytes
 Hardware stack levels used:    1
 Hardware stack levels required when called:    1
 This function calls:
		Nothing
 This function is called by:
		Interrupt level 1
 This function uses a non-reentrant model


 *************** function _HighIsr *****************
 Defined at:
		line 12 in file "test.c"
 Parameters:    Size  Location     Type
		None
 Auto vars:     Size  Location     Type
		None
 Return value:  Size  Location     Type
                  1    wreg      void 
 Registers used:
		wreg, status,2, status,0
 Tracked objects:
		On entry : 
		On exit  : 
		Unchanged: 
 Data sizes:     COMRAM   BANK0   BANK1   BANK2   BANK3   BANK4   BANK5   BANK6   BANK7   BANK8   BANK9  BANK10  BANK11  BANK12  BANK13  BANK14  BANK15
      Params:         0       0       0       0       0       0       0       0       0       0       0       0       0       0       0       0       0
      Locals:         0       0       0       0       0       0       0       0       0       0       0       0       0       0       0       0       0
      Temps:         14       0       0       0       0       0       0       0       0       0       0       0       0       0       0       0       0
      Totals:        14       0       0       0       0       0       0       0       0       0       0       0       0       0       0       0       0
Total ram usage:       14 bytes
 Hardware stack levels used:    1
 This function calls:
		Nothing
 This function is called by:
		Interrupt level 2
 This function uses a non-reentrant model



MODULE INFORMATION

Module		Function		Class		Link	Load	Size
LCD8.c
		_LCD8init      		CODE           	00AA	0000	191
		_LCD8send      		CODE           	01FA	0000	61

LCD8.c estimated size: 252

delay.c
		_delay_us      		CODE           	02A4	0000	51
		_delay_ms      		CODE           	0236	0000	61

delay.c estimated size: 112

test.c
		_HighIsr       		CODE           	0008	0000	161
		_main          		CODE           	02EE	0000	21
		_LowIsr        		CODE           	0018	0000	143

test.c estimated size: 325

shared
		__initialization		CODE           	0272	0000	41

shared estimated size: 41

