Microchip MPLAB XC8 Compiler V1.37 ()

Linker command line:

-W-3 --edf=C:\Program Files (x86)\Microchip\xc8\v1.37\dat\en_msgs.txt -cs \
  -h+dist/default/production\mini-project.X.production.sym \
  --cmf=dist/default/production\mini-project.X.production.cmf -z -Q18F97J60 \
  -oC:\Users\user\AppData\Local\Temp\sbuo.2 \
  -Mdist/default/production/mini-project.X.production.map -E1 -ver=XC8 \
  -ASTACK=09Dh-0e7fh -pstack=STACK -ACODE=00h-01FFF7h -ACONST=00h-01FFF7h \
  -ASMALLCONST=01000h-010FFhx495,01FF00h-01FFF7h \
  -AMEDIUMCONST=01000h-0FFFFh,011000h-01FFF7h -ACOMRAM=01h-05Fh \
  -AABS1=00h-0E7Fh,0F00h-0F5Fh -ABIGRAM=01h-0E7Fh,0F00h-0F5Fh \
  -ARAM=060h-0FFh,0100h-01FFhx13,0E00h-0E7Fh,0F00h-0F5Fh -ABANK0=060h-0FFh \
  -ABANK1=0100h-01FFh -ABANK2=0200h-02FFh -ABANK3=0300h-03FFh \
  -ABANK4=0400h-04FFh -ABANK5=0500h-05FFh -ABANK6=0600h-06FFh \
  -ABANK7=0700h-07FFh -ABANK8=0800h-08FFh -ABANK9=0900h-09FFh \
  -ABANK10=0A00h-0AFFh -ABANK11=0B00h-0BFFh -ABANK12=0C00h-0CFFh \
  -ABANK13=0D00h-0DFFh -ABANK14=0E00h-0E7Fh -ABANK15=0F00h-0F5Fh \
  -ASFR=0E80h-0EFFh,0F60h-0FFFh \
  -preset_vec=00h,intcode=08h,intcodelo=018h,powerup,init,end_init \
  -pramtop=01000h -psmallconst=SMALLCONST -pmediumconst=MEDIUMCONST \
  -pconst=CONST -AFARRAM=00h-00h -ACONFIG=01FFF8h-01FFFDh -pconfig=CONFIG \
  -pjflash_buffer=01F800h \
  -prdata=COMRAM,nvrram=COMRAM,nvbit=COMRAM,rbss=COMRAM,rbit=COMRAM \
  -pfarbss=FARRAM,fardata=FARRAM,nvFARRAM=FARRAM \
  -pintsave_regs=BIGRAM,bigbss=BIGRAM,bigdata=BIGRAM -pbss=RAM \
  -pidata=CODE,irdata=CODE,ibigdata=CODE,ifardata=CODE -prparam=COMRAM \
  C:\Users\user\AppData\Local\Temp\sbuo.obj \
  dist/default/production\mini-project.X.production.obj 

Object code version is 3.11

Machine type is 18F97J60

Call graph: (short form)




                Name                               Link     Load   Length Selector   Space Scale
C:\Users\user\AppData\Local\Temp\sbuo.obj
                end_init                             A6       A6        4        C       0
                reset_vec                             0        0        4        0       0
                config                            1FFF8    1FFF8        6    1FFF8       0
dist/default/production\mini-project.X.production.obj
                intcodelo                            18       18       8E        C       0
                intcode                               8        8        E        4       0
                temp                                 40       40        1        1       1
                smallconst                         1000     1000       2C      800       0
                intcode_body                       162C     162C       92      816       0
                text20                             1ABC     1ABC        6      816       0
                text19                             193C     193C       3C      816       0
                text18                             19E4     19E4       32      816       0
                text17                             1900     1900       3C      816       0
                text16                             14D8     14D8       BE      816       0
                text15                             19B2     19B2       32      816       0
                text14                             16BE     16BE       76      816       0
                text13                             1AA6     1AA6       10      816       0
                text12                             1A84     1A84       12      816       0
                text11                             1A3E     1A3E       1A      816       0
                text10                             1AB6     1AB6        6      816       0
                text9                              1734     1734       64      816       0
                text8                              1A16     1A16       28      816       0
                text7                              1A70     1A70       14      816       0
                text6                              1596     1596       96      816       0
                text5                              17FA     17FA       5E      816       0
                text4                              1798     1798       62      816       0
                text3                              1344     1344      194      816       0
                text2                              1978     1978       3A      816       0
                text1                              1858     1858       56      816       0
                text0                              102C     102C      318      816       0
                cstackCOMRAM                          1        1       23        1       1
                cstackBANK0                          60       60       2D       60       1
                dataBANK0                            8D       8D       10       60       1
                dataCOMRAM                           24       24       18        1       1
                bssCOMRAM                            3C       3C        4        1       1
                cinit                              18AE     18AE       52      816       0
                idataBANK0                         1A96     1A96       10      816       0
                idataCOMRAM                        1A58     1A58       18      816       0

TOTAL           Name                               Link     Load   Length     Space
        CLASS   STACK          

        CLASS   CODE           
                end_init                             A6       A6        4         0
                intcodelo                            18       18       8E         0
                intcode                               8        8        E         0
                reset_vec                             0        0        4         0
                intcode_body                       162C     162C       92         0
                text20                             1ABC     1ABC        6         0
                text19                             193C     193C       3C         0
                text18                             19E4     19E4       32         0
                text17                             1900     1900       3C         0
                text16                             14D8     14D8       BE         0
                text15                             19B2     19B2       32         0
                text14                             16BE     16BE       76         0
                text13                             1AA6     1AA6       10         0
                text12                             1A84     1A84       12         0
                text11                             1A3E     1A3E       1A         0
                text10                             1AB6     1AB6        6         0
                text9                              1734     1734       64         0
                text8                              1A16     1A16       28         0
                text7                              1A70     1A70       14         0
                text6                              1596     1596       96         0
                text5                              17FA     17FA       5E         0
                text4                              1798     1798       62         0
                text3                              1344     1344      194         0
                text2                              1978     1978       3A         0
                text1                              1858     1858       56         0
                text0                              102C     102C      318         0
                cinit                              18AE     18AE       52         0
                idataBANK0                         1A96     1A96       10         0
                idataCOMRAM                        1A58     1A58       18         0

        CLASS   CONST          

        CLASS   SMALLCONST     
                smallconst                         1000     1000       2C         0

        CLASS   MEDIUMCONST    

        CLASS   COMRAM         
                temp                                 40       40        1         1
                cstackCOMRAM                          1        1       23         1
                dataCOMRAM                           24       24       18         1
                bssCOMRAM                            3C       3C        4         1

        CLASS   ABS1           

        CLASS   BIGRAM         

        CLASS   RAM            

        CLASS   BANK0          
                cstackBANK0                          60       60       2D         1
                dataBANK0                            8D       8D       10         1

        CLASS   BANK1          

        CLASS   BANK2          

        CLASS   BANK3          

        CLASS   BANK4          

        CLASS   BANK5          

        CLASS   BANK6          

        CLASS   BANK7          

        CLASS   BANK8          

        CLASS   BANK9          

        CLASS   BANK10         

        CLASS   BANK11         

        CLASS   BANK12         

        CLASS   BANK13         

        CLASS   BANK14         

        CLASS   BANK15         

        CLASS   SFR            

        CLASS   FARRAM         

        CLASS   CONFIG         
                config                            1FFF8    1FFF8        6         0

        CLASS   IDLOC          



SEGMENTS        Name                           Load    Length   Top    Selector   Space  Class

                reset_vec                      000000  000004  000004         0       0  CODE    
                cstackCOMRAM                   000001  000040  000041         1       1  COMRAM  
                intcode                        000008  00000E  000016         4       0  CODE    
                intcodelo                      000018  000092  0000AA         C       0  CODE    
                cstackBANK0                    000060  00003D  00009D        60       1  BANK0   
                smallconst                     001000  00002C  00102C       800       0  SMALLCON
                text0                          00102C  000A96  001AC2       816       0  CODE    
                config                         01FFF8  000006  01FFFE     1FFF8       0  CONFIG  


UNUSED ADDRESS RANGES

        Name                Unused          Largest block    Delta
        BANK0            0009D-000FF              63
        BANK1            00100-001FF             100
        BANK10           00A00-00AFF             100
        BANK11           00B00-00BFF             100
        BANK12           00C00-00CFF             100
        BANK13           00D00-00DFF             100
        BANK14           00E00-00E7F              80
        BANK15           00F00-00F5F              60
        BANK2            00200-002FF             100
        BANK3            00300-003FF             100
        BANK4            00400-004FF             100
        BANK5            00500-005FF             100
        BANK6            00600-006FF             100
        BANK7            00700-007FF             100
        BANK8            00800-008FF             100
        BANK9            00900-009FF             100
        BIGRAM           00041-0005F              1F
                         0009D-00E7F             DE3
                         00F00-00F5F              60
        CODE             00004-00007               4
                         00016-00017               2
                         000AA-00FFF             F56
                         01AC2-1FFF7           1E536
        COMRAM           00041-0005F              1F
        CONST            00004-00007               4
                         00016-00017               2
                         000AA-00FFF             F56
                         01AC2-1FFF7           1E536
        MEDIUMCONST      01AC2-0FFFF            E53E
                         11000-1FFF7            EFF8
        RAM              0009D-00E7F             100
                         00F00-00F5F              60
        SFR              00E80-00EFF              80
                         00F60-00FFF              A0
        SMALLCONST       01AC2-1FFF7             100
        STACK            0009D-00E7F             DE3

                                  Symbol Table

?___lwdiv                cstackCOMRAM  00020
?___lwmod                cstackBANK0   00063
?_sprintf                cstackBANK0   00068
LCD8send@c               cstackBANK0   00062
LCD8send@mode            cstackCOMRAM  00023
Read_KeyPad@Col          cstackBANK0   00063
Read_KeyPad@code         cstackBANK0   00064
Read_KeyPad@i            cstackBANK0   00061
Read_KeyPad@value        cstackBANK0   00060
SPI1out@Code             cstackCOMRAM  00020
XEERead@address          cstackCOMRAM  00021
XEERead@buffer           cstackCOMRAM  00022
_BAUDCON1                (abs)         00F7E
_EEDELAY                 smallconst    0100B
_HighIsr                 intcode       00008
_INTCONbits              (abs)         00FF2
_IPR1bits                (abs)         00F9F
_IPR3bits                (abs)         00FA5
_KeyPadinit              text20        01ABC
_LATCbits                (abs)         00F8B
_LATD                    (abs)         00F8C
_LATE                    (abs)         00F8D
_LATHbits                (abs)         00F90
_LCD8init                text16        014D8
_LCD8send                text17        01900
_LowIsr                  intcodelo     00018
_PIE1bits                (abs)         00F9D
_PIE3bits                (abs)         00FA3
_PIR1bits                (abs)         00F9E
_PIR3bits                (abs)         00FA4
_PORTCbits               (abs)         00F82
_PORTD                   (abs)         00F83
_PORTJ                   (abs)         00F88
_RCONbits                (abs)         00FD0
_RCSTA1bits              (abs)         00FAB
_RCSTAbits               (abs)         00FAB
_READ_MODE               smallconst    0100F
_Read_KeyPad             text14        016BE
_SPBRG1                  (abs)         00FAF
_SPI1init                text12        01A84
_SPI1out                 text13        01AA6
_SSP1BUF                 (abs)         00FC9
_SSP1CON1                (abs)         00FC6
_SSP1STATbits            (abs)         00FC7
_SSPBUF                  (abs)         00FC9
_TRISCbits               (abs)         00F94
_TRISD                   (abs)         00F95
_TRISE                   (abs)         00F96
_TRISH                   (abs)         00F99
_TRISJ                   (abs)         00F9A
_TXREG1                  (abs)         00FAD
_TXSTA1                  (abs)         00FAC
_TXSTA1bits              (abs)         00FAC
_WRITE_MODE              smallconst    01011
_XEEInit                 text11        01A3E
_XEERead                 text8         01A16
__CFG_FOSC$HS            (abs)         00000
__CFG_WDT$OFF            (abs)         00000
__CFG_XINST$OFF          (abs)         00000
__HRAM                   (abs)         00000
__Habs1                  abs1          00000
__Hbank0                 bank0         00000
__Hbank1                 bank1         00000
__Hbank10                bank10        00000
__Hbank11                bank11        00000
__Hbank12                bank12        00000
__Hbank13                bank13        00000
__Hbank14                bank14        00000
__Hbank15                bank15        00000
__Hbank2                 bank2         00000
__Hbank3                 bank3         00000
__Hbank4                 bank4         00000
__Hbank5                 bank5         00000
__Hbank6                 bank6         00000
__Hbank7                 bank7         00000
__Hbank8                 bank8         00000
__Hbank9                 bank9         00000
__Hbigbss                bigbss        00000
__Hbigdata               bigdata       00000
__Hbigram                bigram        00000
__Hbss                   bss           00000
__HbssCOMRAM             bssCOMRAM     00000
__Hcinit                 cinit         00000
__Hclrtext               clrtext       00000
__Hcomram                comram        00000
__Hconfig                config        1FFFE
__Hconst                 const         00000
__HcstackBANK0           cstackBANK0   00000
__HcstackCOMRAM          cstackCOMRAM  00000
__Hdata                  data          00000
__HdataBANK0             dataBANK0     00000
__HdataCOMRAM            dataCOMRAM    00000
__Hend_init              end_init      000AA
__Hfarbss                farbss        00000
__Hfardata               fardata       00000
__Hibigdata              ibigdata      00000
__Hidata                 idata         00000
__HidataBANK0            idataBANK0    00000
__HidataCOMRAM           idataCOMRAM   00000
__Hidloc                 idloc         00000
__Hifardata              ifardata      00000
__Hinit                  init          000A6
__Hintcode               intcode       00016
__Hintcode_body          intcode_body  00000
__Hintcodelo             intcodelo     000A6
__Hintentry              intentry      00000
__Hintret                intret        00000
__Hintsave_regs          intsave_regs  00000
__Hirdata                irdata        00000
__Hjflash_buffer         jflash_buffer 1F800
__Hmediumconst           mediumconst   00000
__HnvFARRAM              nvFARRAM      00000
__Hnvbit                 nvbit         00000
__Hnvrram                nvrram        00000
__Hparam                 rparam        00000
__Hpowerup               powerup       000A6
__Hram                   ram           00000
__Hramtop                ramtop        01000
__Hrbit                  rbit          00000
__Hrbss                  rbss          00000
__Hrdata                 rdata         00000
__Hreset_vec             reset_vec     00004
__Hrparam                rparam        00000
__Hsfr                   sfr           00000
__Hsmallconst            smallconst    0102C
__Hspace_0               (abs)         1FFFE
__Hspace_1               (abs)         0009D
__Hspace_2               (abs)         00000
__Hstack                 stack         00000
__Hstruct                struct        00000
__Htemp                  temp          00041
__Htext                  text          00000
__Htext0                 text0         00000
__Htext1                 text1         00000
__Htext10                text10        00000
__Htext11                text11        00000
__Htext12                text12        00000
__Htext13                text13        00000
__Htext14                text14        00000
__Htext15                text15        00000
__Htext16                text16        00000
__Htext17                text17        00000
__Htext18                text18        00000
__Htext19                text19        00000
__Htext2                 text2         00000
__Htext20                text20        00000
__Htext3                 text3         00000
__Htext4                 text4         00000
__Htext5                 text5         00000
__Htext6                 text6         00000
__Htext7                 text7         00000
__Htext8                 text8         00000
__Htext9                 text9         00000
__LRAM                   (abs)         00001
__Labs1                  abs1          00000
__Lbank0                 bank0         00000
__Lbank1                 bank1         00000
__Lbank10                bank10        00000
__Lbank11                bank11        00000
__Lbank12                bank12        00000
__Lbank13                bank13        00000
__Lbank14                bank14        00000
__Lbank15                bank15        00000
__Lbank2                 bank2         00000
__Lbank3                 bank3         00000
__Lbank4                 bank4         00000
__Lbank5                 bank5         00000
__Lbank6                 bank6         00000
__Lbank7                 bank7         00000
__Lbank8                 bank8         00000
__Lbank9                 bank9         00000
__Lbigbss                bigbss        00000
__Lbigdata               bigdata       00000
__Lbigram                bigram        00000
__Lbss                   bss           00000
__LbssCOMRAM             bssCOMRAM     00000
__Lcinit                 cinit         00000
__Lclrtext               clrtext       00000
__Lcomram                comram        00000
__Lconfig                config        1FFF8
__Lconst                 const         00000
__LcstackBANK0           cstackBANK0   00000
__LcstackCOMRAM          cstackCOMRAM  00000
__Ldata                  data          00000
__LdataBANK0             dataBANK0     00000
__LdataCOMRAM            dataCOMRAM    00000
__Lend_init              end_init      000A6
__Lfarbss                farbss        00000
__Lfardata               fardata       00000
__Libigdata              ibigdata      00000
__Lidata                 idata         00000
__LidataBANK0            idataBANK0    00000
__LidataCOMRAM           idataCOMRAM   00000
__Lidloc                 idloc         00000
__Lifardata              ifardata      00000
__Linit                  init          000A6
__Lintcode               intcode       00008
__Lintcode_body          intcode_body  00000
__Lintcodelo             intcodelo     00018
__Lintentry              intentry      00000
__Lintret                intret        00000
__Lintsave_regs          intsave_regs  00000
__Lirdata                irdata        00000
__Ljflash_buffer         jflash_buffer 1F800
__Lmediumconst           mediumconst   00000
__LnvFARRAM              nvFARRAM      00000
__Lnvbit                 nvbit         00000
__Lnvrram                nvrram        00000
__Lparam                 rparam        00000
__Lpowerup               powerup       000A6
__Lram                   ram           00000
__Lramtop                ramtop        01000
__Lrbit                  rbit          00000
__Lrbss                  rbss          00000
__Lrdata                 rdata         00000
__Lreset_vec             reset_vec     00000
__Lrparam                rparam        00000
__Lsfr                   sfr           00000
__Lsmallconst            smallconst    01000
__Lspace_0               (abs)         00000
__Lspace_1               (abs)         00000
__Lspace_2               (abs)         00000
__Lstack                 stack         00000
__Lstruct                struct        00000
__Ltemp                  temp          00040
__Ltext                  text          00000
__Ltext0                 text0         00000
__Ltext1                 text1         00000
__Ltext10                text10        00000
__Ltext11                text11        00000
__Ltext12                text12        00000
__Ltext13                text13        00000
__Ltext14                text14        00000
__Ltext15                text15        00000
__Ltext16                text16        00000
__Ltext17                text17        00000
__Ltext18                text18        00000
__Ltext19                text19        00000
__Ltext2                 text2         00000
__Ltext20                text20        00000
__Ltext3                 text3         00000
__Ltext4                 text4         00000
__Ltext5                 text5         00000
__Ltext6                 text6         00000
__Ltext7                 text7         00000
__Ltext8                 text8         00000
__Ltext9                 text9         00000
__S0                     (abs)         1FFFE
__S1                     (abs)         0009D
__S2                     (abs)         00000
___extmem_base           (abs)         20000
___inthi_sp              stack         00000
___intlo_sp              stack         00000
___lwdiv                 text5         017FA
___lwdiv@counter         cstackBANK0   00060
___lwdiv@dividend        cstackCOMRAM  00020
___lwdiv@divisor         cstackCOMRAM  00022
___lwdiv@quotient        cstackBANK0   00061
___lwmod                 text4         01798
___lwmod@counter         cstackBANK0   00067
___lwmod@dividend        cstackBANK0   00063
___lwmod@divisor         cstackBANK0   00065
___param_bank            (abs)         00010
___rparam_used           (abs)         00001
___sp                    stack         00000
__accesstop              (abs)         00060
__activetblptr           (abs)         00003
__end_of_EEDELAY         smallconst    0100F
__end_of_HighIsr         intcode_body  016BE
__end_of_KeyPadinit      text20        01AC2
__end_of_LCD8init        text16        01596
__end_of_LCD8send        text17        0193C
__end_of_LowIsr          intcodelo     000A6
__end_of_READ_MODE       smallconst    01011
__end_of_Read_KeyPad     text14        01734
__end_of_SPI1init        text12        01A96
__end_of_SPI1out         text13        01AB6
__end_of_WRITE_MODE      smallconst    01013
__end_of_XEEInit         text11        01A58
__end_of_XEERead         text8         01A3E
__end_of___lwdiv         text5         01858
__end_of___lwmod         text4         017FA
__end_of__initialization cinit         018F6
__end_of_delay_ms        text19        01978
__end_of_delay_us        text18        01A16
__end_of_dpowers         smallconst    0100B
__end_of_eeWriteChar     text9         01798
__end_of_ee_read_byte    text7         01A84
__end_of_lcdWriteLine    text6         0162C
__end_of_main            text0         01344
__end_of_process_key     text15        019E4
__end_of_sprintf         text3         014D8
__end_of_wait            text10        01ABC
__end_of_writeLCD        text1         018AE
__end_of_writeNum        text2         019B2
__initialization         cinit         018AE
__mediumconst            mediumconst   00000
__pbssCOMRAM             bssCOMRAM     0003C
__pcinit                 cinit         018AE
__pcstackBANK0           cstackBANK0   00060
__pcstackCOMRAM          cstackCOMRAM  00001
__pdataBANK0             dataBANK0     0008D
__pdataCOMRAM            dataCOMRAM    00024
__pidataBANK0            idataBANK0    01A96
__pidataCOMRAM           idataCOMRAM   01A58
__pintcode               intcode       00008
__pintcode_body          intcode_body  0162C
__pintcodelo             intcodelo     00018
__psmallconst            smallconst    01000
__ptext0                 text0         0102C
__ptext1                 text1         01858
__ptext10                text10        01AB6
__ptext11                text11        01A3E
__ptext12                text12        01A84
__ptext13                text13        01AA6
__ptext14                text14        016BE
__ptext15                text15        019B2
__ptext16                text16        014D8
__ptext17                text17        01900
__ptext18                text18        019E4
__ptext19                text19        0193C
__ptext2                 text2         01978
__ptext20                text20        01ABC
__ptext3                 text3         01344
__ptext4                 text4         01798
__ptext5                 text5         017FA
__ptext6                 text6         01596
__ptext7                 text7         01A70
__ptext8                 text8         01A16
__ptext9                 text9         01734
__ramtop                 ramtop        01000
__size_of_HighIsr        (abs)         00000
__size_of_KeyPadinit     (abs)         00000
__size_of_LCD8init       (abs)         00000
__size_of_LCD8send       (abs)         00000
__size_of_LowIsr         (abs)         00000
__size_of_Read_KeyPad    (abs)         00000
__size_of_SPI1init       (abs)         00000
__size_of_SPI1out        (abs)         00000
__size_of_XEEInit        (abs)         00000
__size_of_XEERead        (abs)         00000
__size_of___lwdiv        (abs)         00000
__size_of___lwmod        (abs)         00000
__size_of_delay_ms       (abs)         00000
__size_of_delay_us       (abs)         00000
__size_of_eeWriteChar    (abs)         00000
__size_of_ee_read_byte   (abs)         00000
__size_of_lcdWriteLine   (abs)         00000
__size_of_main           (abs)         00000
__size_of_process_key    (abs)         00000
__size_of_sprintf        (abs)         00000
__size_of_wait           (abs)         00000
__size_of_writeLCD       (abs)         00000
__size_of_writeNum       (abs)         00000
__smallconst             smallconst    01000
_counter                 bssCOMRAM     0003C
_delay_ms                text19        0193C
_delay_us                text18        019E4
_dpowers                 smallconst    01001
_eeWriteChar             text9         01734
_ee_read_byte            text7         01A70
_keyValues               dataBANK0     0008D
_lcdWriteLine            text6         01596
_main                    text0         0102C
_process_key             text15        019B2
_scan_code               dataCOMRAM    00024
_sec                     bssCOMRAM     0003E
_sprintf                 text3         01344
_wait                    text10        01AB6
_writeLCD                text1         01858
_writeNum                text2         01978
btemp                    temp          00040
clr_screen@F6532         dataCOMRAM    00034
cursor_home@F6537        dataCOMRAM    00038
delay_ms@i               cstackBANK0   00060
delay_ms@x               cstackCOMRAM  00020
delay_us@i               cstackBANK0   00060
delay_us@x               cstackCOMRAM  00020
eeWriteChar@address      cstackBANK0   00062
eeWriteChar@sr           cstackBANK0   00063
eeWriteChar@value        cstackCOMRAM  00023
ee_read_byte@_data       cstackBANK0   00060
ee_read_byte@address     cstackCOMRAM  00023
end_of_initialization    cinit         018F6
int$flags                temp          00040
int_func                 intcode_body  0162C
intlevel0                text          00000
intlevel1                text          00000
intlevel2                text          00000
intlevel3                text          00000
lcdWriteLine@data        cstackBANK0   00063
lcdWriteLine@i           cstackBANK0   00067
main@address             cstackBANK0   00086
main@key                 cstackBANK0   0008A
main@keyNo               cstackBANK0   00088
main@mode                cstackBANK0   0008B
main@prevKey             cstackBANK0   00085
main@writeValue          cstackBANK0   00087
process_key@code         cstackCOMRAM  00021
process_key@i            cstackCOMRAM  00022
sprintf@ap               cstackBANK0   0006F
sprintf@c                cstackBANK0   00075
sprintf@f                cstackBANK0   0006A
sprintf@flag             cstackBANK0   00071
sprintf@prec             cstackBANK0   00072
sprintf@sp               cstackBANK0   00068
sprintf@val              cstackBANK0   00073
stackhi                  (abs)         00E7F
stacklo                  (abs)         0009D
start                    init          000A6
start_initialization     cinit         018AE
writeLCD@address         cstackBANK0   00083
writeLCD@data            cstackBANK0   00081
writeNum@numStr          cstackBANK0   00076
writeNum@number          cstackBANK0   00080


FUNCTION INFORMATION:

 *************** function _main *****************
 Defined at:
		line 61 in file "test.c"
 Parameters:    Size  Location     Type
		None
 Auto vars:     Size  Location     Type
  keyNo           2   40[BANK0 ] int 
  key             1   42[BANK0 ] unsigned char 
  mode            2   43[BANK0 ] unsigned int 
  writeValue      1   39[BANK0 ] unsigned char 
  address         1   38[BANK0 ] unsigned char 
  prevKey         1   37[BANK0 ] unsigned char 
 Return value:  Size  Location     Type
                  1    wreg      void 
 Registers used:
		wreg, fsr0l, fsr0h, fsr2l, fsr2h, status,2, status,0, tblptrl, tblptrh, tblptru, prodl, prodh, cstack
 Tracked objects:
		On entry : 
		On exit  : 
		Unchanged: 
 Data sizes:     COMRAM   BANK0   BANK1   BANK2   BANK3   BANK4   BANK5   BANK6   BANK7   BANK8   BANK9  BANK10  BANK11  BANK12  BANK13  BANK14  BANK15
      Params:         0       0       0       0       0       0       0       0       0       0       0       0       0       0       0       0       0
      Locals:         0       8       0       0       0       0       0       0       0       0       0       0       0       0       0       0       0
      Temps:          0       1       0       0       0       0       0       0       0       0       0       0       0       0       0       0       0
      Totals:         0       9       0       0       0       0       0       0       0       0       0       0       0       0       0       0       0
Total ram usage:        9 bytes
 Hardware stack levels required when called:    7
 This function calls:
		_KeyPadinit
		_LCD8init
		_LCD8send
		_Read_KeyPad
		_XEEInit
		_delay_ms
		_eeWriteChar
		_lcdWriteLine
		_writeLCD
		_writeNum
 This function is called by:
		Startup code after reset
 This function uses a non-reentrant model


 *************** function _writeLCD *****************
 Defined at:
		line 49 in file "test.c"
 Parameters:    Size  Location     Type
  address         1    wreg     unsigned char 
 Auto vars:     Size  Location     Type
  address         1   35[BANK0 ] unsigned char 
  data            2   33[BANK0 ] PTR unsigned char 
 Return value:  Size  Location     Type
                  1    wreg      void 
 Registers used:
		wreg, fsr0l, fsr0h, fsr2l, fsr2h, status,2, status,0, tblptrl, tblptrh, tblptru, prodl, prodh, cstack
 Tracked objects:
		On entry : 
		On exit  : 
		Unchanged: 
 Data sizes:     COMRAM   BANK0   BANK1   BANK2   BANK3   BANK4   BANK5   BANK6   BANK7   BANK8   BANK9  BANK10  BANK11  BANK12  BANK13  BANK14  BANK15
      Params:         0       0       0       0       0       0       0       0       0       0       0       0       0       0       0       0       0
      Locals:         0       3       0       0       0       0       0       0       0       0       0       0       0       0       0       0       0
      Temps:          0       0       0       0       0       0       0       0       0       0       0       0       0       0       0       0       0
      Totals:         0       3       0       0       0       0       0       0       0       0       0       0       0       0       0       0       0
Total ram usage:        3 bytes
 Hardware stack levels used:    1
 Hardware stack levels required when called:    6
 This function calls:
		_LCD8send
		_ee_read_byte
		_lcdWriteLine
		_writeNum
 This function is called by:
		_main
 This function uses a non-reentrant model


 *************** function _writeNum *****************
 Defined at:
		line 43 in file "test.c"
 Parameters:    Size  Location     Type
  number          1    wreg     unsigned char 
 Auto vars:     Size  Location     Type
  number          1   32[BANK0 ] unsigned char 
  numStr         10   22[BANK0 ] unsigned char [10]
 Return value:  Size  Location     Type
                  1    wreg      void 
 Registers used:
		wreg, fsr0l, fsr0h, fsr2l, fsr2h, status,2, status,0, tblptrl, tblptrh, tblptru, prodl, prodh, cstack
 Tracked objects:
		On entry : 
		On exit  : 
		Unchanged: 
 Data sizes:     COMRAM   BANK0   BANK1   BANK2   BANK3   BANK4   BANK5   BANK6   BANK7   BANK8   BANK9  BANK10  BANK11  BANK12  BANK13  BANK14  BANK15
      Params:         0       0       0       0       0       0       0       0       0       0       0       0       0       0       0       0       0
      Locals:         0      11       0       0       0       0       0       0       0       0       0       0       0       0       0       0       0
      Temps:          0       0       0       0       0       0       0       0       0       0       0       0       0       0       0       0       0
      Totals:         0      11       0       0       0       0       0       0       0       0       0       0       0       0       0       0       0
Total ram usage:       11 bytes
 Hardware stack levels used:    1
 Hardware stack levels required when called:    5
 This function calls:
		_lcdWriteLine
		_sprintf
 This function is called by:
		_writeLCD
		_main
 This function uses a non-reentrant model


 *************** function _sprintf *****************
 Defined at:
		line 492 in file "C:\Program Files (x86)\Microchip\xc8\v1.37\sources\common\doprnt.c"
 Parameters:    Size  Location     Type
  sp              2    8[BANK0 ] PTR unsigned char 
		 -> writeNum@numStr(10), 
  f               2   10[BANK0 ] PTR const unsigned char 
		 -> STR_1(3), 
 Auto vars:     Size  Location     Type
  tmpval          4    0        struct .
  cp              3    0        PTR const unsigned char 
  val             2   19[BANK0 ] unsigned int 
  ap              2   15[BANK0 ] PTR void [1]
		 -> ?_sprintf(2), 
  len             2    0        unsigned int 
  c               1   21[BANK0 ] char 
  prec            1   18[BANK0 ] char 
  flag            1   17[BANK0 ] unsigned char 
 Return value:  Size  Location     Type
                  2    8[BANK0 ] int 
 Registers used:
		wreg, fsr2l, fsr2h, status,2, status,0, tblptrl, tblptrh, tblptru, prodl, prodh, cstack
 Tracked objects:
		On entry : 
		On exit  : 
		Unchanged: 
 Data sizes:     COMRAM   BANK0   BANK1   BANK2   BANK3   BANK4   BANK5   BANK6   BANK7   BANK8   BANK9  BANK10  BANK11  BANK12  BANK13  BANK14  BANK15
      Params:         0       6       0       0       0       0       0       0       0       0       0       0       0       0       0       0       0
      Locals:         0       7       0       0       0       0       0       0       0       0       0       0       0       0       0       0       0
      Temps:          0       1       0       0       0       0       0       0       0       0       0       0       0       0       0       0       0
      Totals:         0      14       0       0       0       0       0       0       0       0       0       0       0       0       0       0       0
Total ram usage:       14 bytes
 Hardware stack levels used:    1
 Hardware stack levels required when called:    3
 This function calls:
		___lwdiv
		___lwmod
 This function is called by:
		_writeNum
 This function uses a non-reentrant model


 *************** function ___lwmod *****************
 Defined at:
		line 8 in file "C:\Program Files (x86)\Microchip\xc8\v1.37\sources\common\lwmod.c"
 Parameters:    Size  Location     Type
  dividend        2    3[BANK0 ] unsigned int 
  divisor         2    5[BANK0 ] unsigned int 
 Auto vars:     Size  Location     Type
  counter         1    7[BANK0 ] unsigned char 
 Return value:  Size  Location     Type
                  2    3[BANK0 ] unsigned int 
 Registers used:
		wreg, status,2, status,0
 Tracked objects:
		On entry : 
		On exit  : 
		Unchanged: 
 Data sizes:     COMRAM   BANK0   BANK1   BANK2   BANK3   BANK4   BANK5   BANK6   BANK7   BANK8   BANK9  BANK10  BANK11  BANK12  BANK13  BANK14  BANK15
      Params:         0       4       0       0       0       0       0       0       0       0       0       0       0       0       0       0       0
      Locals:         0       1       0       0       0       0       0       0       0       0       0       0       0       0       0       0       0
      Temps:          0       0       0       0       0       0       0       0       0       0       0       0       0       0       0       0       0
      Totals:         0       5       0       0       0       0       0       0       0       0       0       0       0       0       0       0       0
Total ram usage:        5 bytes
 Hardware stack levels used:    1
 Hardware stack levels required when called:    2
 This function calls:
		Nothing
 This function is called by:
		_sprintf
 This function uses a non-reentrant model


 *************** function ___lwdiv *****************
 Defined at:
		line 8 in file "C:\Program Files (x86)\Microchip\xc8\v1.37\sources\common\lwdiv.c"
 Parameters:    Size  Location     Type
  dividend        2   31[COMRAM] unsigned int 
  divisor         2   33[COMRAM] unsigned int 
 Auto vars:     Size  Location     Type
  quotient        2    1[BANK0 ] unsigned int 
  counter         1    0[BANK0 ] unsigned char 
 Return value:  Size  Location     Type
                  2   31[COMRAM] unsigned int 
 Registers used:
		wreg, status,2, status,0
 Tracked objects:
		On entry : 
		On exit  : 
		Unchanged: 
 Data sizes:     COMRAM   BANK0   BANK1   BANK2   BANK3   BANK4   BANK5   BANK6   BANK7   BANK8   BANK9  BANK10  BANK11  BANK12  BANK13  BANK14  BANK15
      Params:         4       0       0       0       0       0       0       0       0       0       0       0       0       0       0       0       0
      Locals:         0       3       0       0       0       0       0       0       0       0       0       0       0       0       0       0       0
      Temps:          0       0       0       0       0       0       0       0       0       0       0       0       0       0       0       0       0
      Totals:         4       3       0       0       0       0       0       0       0       0       0       0       0       0       0       0       0
Total ram usage:        7 bytes
 Hardware stack levels used:    1
 Hardware stack levels required when called:    2
 This function calls:
		Nothing
 This function is called by:
		_sprintf
 This function uses a non-reentrant model


 *************** function _lcdWriteLine *****************
 Defined at:
		line 37 in file "test.c"
 Parameters:    Size  Location     Type
  data            2    3[BANK0 ] PTR unsigned char 
		 -> STR_6(6), STR_5(6), STR_3(3), STR_2(2), 
		 -> writeNum@numStr(10), 
 Auto vars:     Size  Location     Type
  i               2    7[BANK0 ] int 
 Return value:  Size  Location     Type
                  1    wreg      void 
 Registers used:
		wreg, fsr0l, fsr0h, status,2, status,0, tblptrl, tblptrh, tblptru, cstack
 Tracked objects:
		On entry : 
		On exit  : 
		Unchanged: 
 Data sizes:     COMRAM   BANK0   BANK1   BANK2   BANK3   BANK4   BANK5   BANK6   BANK7   BANK8   BANK9  BANK10  BANK11  BANK12  BANK13  BANK14  BANK15
      Params:         0       2       0       0       0       0       0       0       0       0       0       0       0       0       0       0       0
      Locals:         0       2       0       0       0       0       0       0       0       0       0       0       0       0       0       0       0
      Temps:          0       2       0       0       0       0       0       0       0       0       0       0       0       0       0       0       0
      Totals:         0       6       0       0       0       0       0       0       0       0       0       0       0       0       0       0       0
Total ram usage:        6 bytes
 Hardware stack levels used:    1
 Hardware stack levels required when called:    4
 This function calls:
		_LCD8send
 This function is called by:
		_writeNum
		_writeLCD
		_main
 This function uses a non-reentrant model


 *************** function _ee_read_byte *****************
 Defined at:
		line 108 in file "EEPROM.h"
 Parameters:    Size  Location     Type
  address         1    wreg     unsigned char 
  _data           2    0[BANK0 ] PTR unsigned char 
 Auto vars:     Size  Location     Type
  address         1   34[COMRAM] unsigned char 
 Return value:  Size  Location     Type
                  1    wreg      void 
 Registers used:
		wreg, fsr2l, fsr2h, status,2, cstack
 Tracked objects:
		On entry : 
		On exit  : 
		Unchanged: 
 Data sizes:     COMRAM   BANK0   BANK1   BANK2   BANK3   BANK4   BANK5   BANK6   BANK7   BANK8   BANK9  BANK10  BANK11  BANK12  BANK13  BANK14  BANK15
      Params:         0       2       0       0       0       0       0       0       0       0       0       0       0       0       0       0       0
      Locals:         1       0       0       0       0       0       0       0       0       0       0       0       0       0       0       0       0
      Temps:          0       0       0       0       0       0       0       0       0       0       0       0       0       0       0       0       0
      Totals:         1       2       0       0       0       0       0       0       0       0       0       0       0       0       0       0       0
Total ram usage:        3 bytes
 Hardware stack levels used:    1
 Hardware stack levels required when called:    4
 This function calls:
		_XEERead
 This function is called by:
		_writeLCD
		_readEEPROM
 This function uses a non-reentrant model


 *************** function _XEERead *****************
 Defined at:
		line 65 in file "exprom.h"
 Parameters:    Size  Location     Type
  address         1    wreg     unsigned char 
 Auto vars:     Size  Location     Type
  address         1   32[COMRAM] unsigned char 
  buffer          1   33[COMRAM] unsigned char 
 Return value:  Size  Location     Type
                  1    wreg      unsigned char 
 Registers used:
		wreg, status,2, cstack
 Tracked objects:
		On entry : 
		On exit  : 
		Unchanged: 
 Data sizes:     COMRAM   BANK0   BANK1   BANK2   BANK3   BANK4   BANK5   BANK6   BANK7   BANK8   BANK9  BANK10  BANK11  BANK12  BANK13  BANK14  BANK15
      Params:         0       0       0       0       0       0       0       0       0       0       0       0       0       0       0       0       0
      Locals:         2       0       0       0       0       0       0       0       0       0       0       0       0       0       0       0       0
      Temps:          0       0       0       0       0       0       0       0       0       0       0       0       0       0       0       0       0
      Totals:         2       0       0       0       0       0       0       0       0       0       0       0       0       0       0       0       0
Total ram usage:        2 bytes
 Hardware stack levels used:    1
 Hardware stack levels required when called:    3
 This function calls:
		_SPI1out
		_wait
 This function is called by:
		_ee_read_byte
 This function uses a non-reentrant model


 *************** function _eeWriteChar *****************
 Defined at:
		line 83 in file "exprom.h"
 Parameters:    Size  Location     Type
  address         1    wreg     unsigned char 
  value           1   34[COMRAM] unsigned char 
 Auto vars:     Size  Location     Type
  address         1    2[BANK0 ] unsigned char 
  sr              1    3[BANK0 ] unsigned char 
 Return value:  Size  Location     Type
                  1    wreg      void 
 Registers used:
		wreg, status,2, status,0, cstack
 Tracked objects:
		On entry : 
		On exit  : 
		Unchanged: 
 Data sizes:     COMRAM   BANK0   BANK1   BANK2   BANK3   BANK4   BANK5   BANK6   BANK7   BANK8   BANK9  BANK10  BANK11  BANK12  BANK13  BANK14  BANK15
      Params:         1       0       0       0       0       0       0       0       0       0       0       0       0       0       0       0       0
      Locals:         0       2       0       0       0       0       0       0       0       0       0       0       0       0       0       0       0
      Temps:          0       0       0       0       0       0       0       0       0       0       0       0       0       0       0       0       0
      Totals:         1       2       0       0       0       0       0       0       0       0       0       0       0       0       0       0       0
Total ram usage:        3 bytes
 Hardware stack levels used:    1
 Hardware stack levels required when called:    3
 This function calls:
		_SPI1out
		_delay_ms
		_wait
 This function is called by:
		_main
		_ee_write_char
 This function uses a non-reentrant model


 *************** function _wait *****************
 Defined at:
		line 38 in file "exprom.h"
 Parameters:    Size  Location     Type
		None
 Auto vars:     Size  Location     Type
		None
 Return value:  Size  Location     Type
                  1    wreg      void 
 Registers used:
		None
 Tracked objects:
		On entry : 
		On exit  : 
		Unchanged: 
 Data sizes:     COMRAM   BANK0   BANK1   BANK2   BANK3   BANK4   BANK5   BANK6   BANK7   BANK8   BANK9  BANK10  BANK11  BANK12  BANK13  BANK14  BANK15
      Params:         0       0       0       0       0       0       0       0       0       0       0       0       0       0       0       0       0
      Locals:         0       0       0       0       0       0       0       0       0       0       0       0       0       0       0       0       0
      Temps:          0       0       0       0       0       0       0       0       0       0       0       0       0       0       0       0       0
      Totals:         0       0       0       0       0       0       0       0       0       0       0       0       0       0       0       0       0
Total ram usage:        0 bytes
 Hardware stack levels used:    1
 Hardware stack levels required when called:    2
 This function calls:
		Nothing
 This function is called by:
		_XEERead
		_eeWriteChar
 This function uses a non-reentrant model


 *************** function _XEEInit *****************
 Defined at:
		line 44 in file "exprom.h"
 Parameters:    Size  Location     Type
		None
 Auto vars:     Size  Location     Type
		None
 Return value:  Size  Location     Type
                  1    wreg      void 
 Registers used:
		wreg, status,2, cstack
 Tracked objects:
		On entry : 
		On exit  : 
		Unchanged: 
 Data sizes:     COMRAM   BANK0   BANK1   BANK2   BANK3   BANK4   BANK5   BANK6   BANK7   BANK8   BANK9  BANK10  BANK11  BANK12  BANK13  BANK14  BANK15
      Params:         0       0       0       0       0       0       0       0       0       0       0       0       0       0       0       0       0
      Locals:         0       0       0       0       0       0       0       0       0       0       0       0       0       0       0       0       0
      Temps:          0       0       0       0       0       0       0       0       0       0       0       0       0       0       0       0       0
      Totals:         0       0       0       0       0       0       0       0       0       0       0       0       0       0       0       0       0
Total ram usage:        0 bytes
 Hardware stack levels used:    1
 Hardware stack levels required when called:    4
 This function calls:
		_SPI1init
		_SPI1out
 This function is called by:
		_main
 This function uses a non-reentrant model


 *************** function _SPI1init *****************
 Defined at:
		line 6 in file "SPI.c"
 Parameters:    Size  Location     Type
		None
 Auto vars:     Size  Location     Type
		None
 Return value:  Size  Location     Type
                  1    wreg      void 
 Registers used:
		wreg, status,2, cstack
 Tracked objects:
		On entry : 
		On exit  : 
		Unchanged: 
 Data sizes:     COMRAM   BANK0   BANK1   BANK2   BANK3   BANK4   BANK5   BANK6   BANK7   BANK8   BANK9  BANK10  BANK11  BANK12  BANK13  BANK14  BANK15
      Params:         0       0       0       0       0       0       0       0       0       0       0       0       0       0       0       0       0
      Locals:         0       0       0       0       0       0       0       0       0       0       0       0       0       0       0       0       0
      Temps:          0       0       0       0       0       0       0       0       0       0       0       0       0       0       0       0       0
      Totals:         0       0       0       0       0       0       0       0       0       0       0       0       0       0       0       0       0
Total ram usage:        0 bytes
 Hardware stack levels used:    1
 Hardware stack levels required when called:    3
 This function calls:
		_SPI1out
 This function is called by:
		_XEEInit
 This function uses a non-reentrant model


 *************** function _SPI1out *****************
 Defined at:
		line 15 in file "SPI.c"
 Parameters:    Size  Location     Type
  Code            1    wreg     unsigned char 
 Auto vars:     Size  Location     Type
  Code            1   31[COMRAM] unsigned char 
 Return value:  Size  Location     Type
                  1    wreg      void 
 Registers used:
		wreg
 Tracked objects:
		On entry : 
		On exit  : 
		Unchanged: 
 Data sizes:     COMRAM   BANK0   BANK1   BANK2   BANK3   BANK4   BANK5   BANK6   BANK7   BANK8   BANK9  BANK10  BANK11  BANK12  BANK13  BANK14  BANK15
      Params:         0       0       0       0       0       0       0       0       0       0       0       0       0       0       0       0       0
      Locals:         1       0       0       0       0       0       0       0       0       0       0       0       0       0       0       0       0
      Temps:          0       0       0       0       0       0       0       0       0       0       0       0       0       0       0       0       0
      Totals:         1       0       0       0       0       0       0       0       0       0       0       0       0       0       0       0       0
Total ram usage:        1 bytes
 Hardware stack levels used:    1
 Hardware stack levels required when called:    2
 This function calls:
		Nothing
 This function is called by:
		_SPI1init
		_XEEInit
		_XEERead
		_eeWriteChar
		_SPI_LCD4send
 This function uses a non-reentrant model


 *************** function _Read_KeyPad *****************
 Defined at:
		line 14 in file "Keypad.c"
 Parameters:    Size  Location     Type
		None
 Auto vars:     Size  Location     Type
  i               2    1[BANK0 ] int 
  code            1    4[BANK0 ] unsigned char 
  Col             1    3[BANK0 ] unsigned char 
  value           1    0[BANK0 ] unsigned char 
 Return value:  Size  Location     Type
                  1    wreg      unsigned char 
 Registers used:
		wreg, fsr2l, fsr2h, status,2, status,0, prodl, prodh, cstack
 Tracked objects:
		On entry : 
		On exit  : 
		Unchanged: 
 Data sizes:     COMRAM   BANK0   BANK1   BANK2   BANK3   BANK4   BANK5   BANK6   BANK7   BANK8   BANK9  BANK10  BANK11  BANK12  BANK13  BANK14  BANK15
      Params:         0       0       0       0       0       0       0       0       0       0       0       0       0       0       0       0       0
      Locals:         0       5       0       0       0       0       0       0       0       0       0       0       0       0       0       0       0
      Temps:          0       0       0       0       0       0       0       0       0       0       0       0       0       0       0       0       0
      Totals:         0       5       0       0       0       0       0       0       0       0       0       0       0       0       0       0       0
Total ram usage:        5 bytes
 Hardware stack levels used:    1
 Hardware stack levels required when called:    3
 This function calls:
		_process_key
 This function is called by:
		_main
 This function uses a non-reentrant model


 *************** function _process_key *****************
 Defined at:
		line 37 in file "Keypad.c"
 Parameters:    Size  Location     Type
  code            1    wreg     unsigned char 
 Auto vars:     Size  Location     Type
  code            1   32[COMRAM] unsigned char 
  i               1   33[COMRAM] unsigned char 
 Return value:  Size  Location     Type
                  1    wreg      unsigned char 
 Registers used:
		wreg, fsr2l, fsr2h, status,2, status,0, prodl, prodh
 Tracked objects:
		On entry : 
		On exit  : 
		Unchanged: 
 Data sizes:     COMRAM   BANK0   BANK1   BANK2   BANK3   BANK4   BANK5   BANK6   BANK7   BANK8   BANK9  BANK10  BANK11  BANK12  BANK13  BANK14  BANK15
      Params:         0       0       0       0       0       0       0       0       0       0       0       0       0       0       0       0       0
      Locals:         2       0       0       0       0       0       0       0       0       0       0       0       0       0       0       0       0
      Temps:          1       0       0       0       0       0       0       0       0       0       0       0       0       0       0       0       0
      Totals:         3       0       0       0       0       0       0       0       0       0       0       0       0       0       0       0       0
Total ram usage:        3 bytes
 Hardware stack levels used:    1
 Hardware stack levels required when called:    2
 This function calls:
		Nothing
 This function is called by:
		_Read_KeyPad
 This function uses a non-reentrant model


 *************** function _LCD8init *****************
 Defined at:
		line 12 in file "LCD8.c"
 Parameters:    Size  Location     Type
		None
 Auto vars:     Size  Location     Type
		None
 Return value:  Size  Location     Type
                  1    wreg      void 
 Registers used:
		wreg, status,2, status,0, cstack
 Tracked objects:
		On entry : 
		On exit  : 
		Unchanged: 
 Data sizes:     COMRAM   BANK0   BANK1   BANK2   BANK3   BANK4   BANK5   BANK6   BANK7   BANK8   BANK9  BANK10  BANK11  BANK12  BANK13  BANK14  BANK15
      Params:         0       0       0       0       0       0       0       0       0       0       0       0       0       0       0       0       0
      Locals:         0       0       0       0       0       0       0       0       0       0       0       0       0       0       0       0       0
      Temps:          0       0       0       0       0       0       0       0       0       0       0       0       0       0       0       0       0
      Totals:         0       0       0       0       0       0       0       0       0       0       0       0       0       0       0       0       0
Total ram usage:        0 bytes
 Hardware stack levels used:    1
 Hardware stack levels required when called:    4
 This function calls:
		_LCD8send
		_delay_ms
 This function is called by:
		_main
 This function uses a non-reentrant model


 *************** function _LCD8send *****************
 Defined at:
		line 42 in file "LCD8.c"
 Parameters:    Size  Location     Type
  c               1    wreg     unsigned char 
  mode            1   34[COMRAM] unsigned char 
 Auto vars:     Size  Location     Type
  c               1    2[BANK0 ] unsigned char 
 Return value:  Size  Location     Type
                  1    wreg      void 
 Registers used:
		wreg, status,2, status,0, cstack
 Tracked objects:
		On entry : 
		On exit  : 
		Unchanged: 
 Data sizes:     COMRAM   BANK0   BANK1   BANK2   BANK3   BANK4   BANK5   BANK6   BANK7   BANK8   BANK9  BANK10  BANK11  BANK12  BANK13  BANK14  BANK15
      Params:         1       0       0       0       0       0       0       0       0       0       0       0       0       0       0       0       0
      Locals:         0       1       0       0       0       0       0       0       0       0       0       0       0       0       0       0       0
      Temps:          0       0       0       0       0       0       0       0       0       0       0       0       0       0       0       0       0
      Totals:         1       1       0       0       0       0       0       0       0       0       0       0       0       0       0       0       0
Total ram usage:        2 bytes
 Hardware stack levels used:    1
 Hardware stack levels required when called:    3
 This function calls:
		_delay_ms
		_delay_us
 This function is called by:
		_LCD8init
		_lcdWriteLine
		_writeLCD
		_main
 This function uses a non-reentrant model


 *************** function _delay_us *****************
 Defined at:
		line 87 in file "delay.h"
 Parameters:    Size  Location     Type
  x               2   31[COMRAM] int 
 Auto vars:     Size  Location     Type
  i               2    0[BANK0 ] int 
 Return value:  Size  Location     Type
                  1    wreg      void 
 Registers used:
		wreg, status,2, status,0
 Tracked objects:
		On entry : 
		On exit  : 
		Unchanged: 
 Data sizes:     COMRAM   BANK0   BANK1   BANK2   BANK3   BANK4   BANK5   BANK6   BANK7   BANK8   BANK9  BANK10  BANK11  BANK12  BANK13  BANK14  BANK15
      Params:         2       0       0       0       0       0       0       0       0       0       0       0       0       0       0       0       0
      Locals:         0       2       0       0       0       0       0       0       0       0       0       0       0       0       0       0       0
      Temps:          1       0       0       0       0       0       0       0       0       0       0       0       0       0       0       0       0
      Totals:         3       2       0       0       0       0       0       0       0       0       0       0       0       0       0       0       0
Total ram usage:        5 bytes
 Hardware stack levels used:    1
 Hardware stack levels required when called:    2
 This function calls:
		Nothing
 This function is called by:
		_LCD8send
		_SPI_LCD4send
 This function uses a non-reentrant model


 *************** function _delay_ms *****************
 Defined at:
		line 79 in file "delay.h"
 Parameters:    Size  Location     Type
  x               2   31[COMRAM] int 
 Auto vars:     Size  Location     Type
  i               2    0[BANK0 ] int 
 Return value:  Size  Location     Type
                  1    wreg      void 
 Registers used:
		wreg, status,2, status,0
 Tracked objects:
		On entry : 
		On exit  : 
		Unchanged: 
 Data sizes:     COMRAM   BANK0   BANK1   BANK2   BANK3   BANK4   BANK5   BANK6   BANK7   BANK8   BANK9  BANK10  BANK11  BANK12  BANK13  BANK14  BANK15
      Params:         2       0       0       0       0       0       0       0       0       0       0       0       0       0       0       0       0
      Locals:         0       2       0       0       0       0       0       0       0       0       0       0       0       0       0       0       0
      Temps:          1       0       0       0       0       0       0       0       0       0       0       0       0       0       0       0       0
      Totals:         3       2       0       0       0       0       0       0       0       0       0       0       0       0       0       0       0
Total ram usage:        5 bytes
 Hardware stack levels used:    1
 Hardware stack levels required when called:    2
 This function calls:
		Nothing
 This function is called by:
		_LCD8init
		_LCD8send
		_eeWriteChar
		_main
		_SPI_LCD4send
		_SPI_LCD4init
		_writeEEPROM
 This function uses a non-reentrant model


 *************** function _KeyPadinit *****************
 Defined at:
		line 10 in file "Keypad.c"
 Parameters:    Size  Location     Type
		None
 Auto vars:     Size  Location     Type
		None
 Return value:  Size  Location     Type
                  1    wreg      void 
 Registers used:
		wreg, status,2
 Tracked objects:
		On entry : 
		On exit  : 
		Unchanged: 
 Data sizes:     COMRAM   BANK0   BANK1   BANK2   BANK3   BANK4   BANK5   BANK6   BANK7   BANK8   BANK9  BANK10  BANK11  BANK12  BANK13  BANK14  BANK15
      Params:         0       0       0       0       0       0       0       0       0       0       0       0       0       0       0       0       0
      Locals:         0       0       0       0       0       0       0       0       0       0       0       0       0       0       0       0       0
      Temps:          0       0       0       0       0       0       0       0       0       0       0       0       0       0       0       0       0
      Totals:         0       0       0       0       0       0       0       0       0       0       0       0       0       0       0       0       0
Total ram usage:        0 bytes
 Hardware stack levels used:    1
 Hardware stack levels required when called:    2
 This function calls:
		Nothing
 This function is called by:
		_main
 This function uses a non-reentrant model


 *************** function _LowIsr *****************
 Defined at:
		line 32 in file "test.c"
 Parameters:    Size  Location     Type
		None
 Auto vars:     Size  Location     Type
		None
 Return value:  Size  Location     Type
                  1    wreg      void 
 Registers used:
		None
 Tracked objects:
		On entry : 
		On exit  : 
		Unchanged: 
 Data sizes:     COMRAM   BANK0   BANK1   BANK2   BANK3   BANK4   BANK5   BANK6   BANK7   BANK8   BANK9  BANK10  BANK11  BANK12  BANK13  BANK14  BANK15
      Params:         0       0       0       0       0       0       0       0       0       0       0       0       0       0       0       0       0
      Locals:         0       0       0       0       0       0       0       0       0       0       0       0       0       0       0       0       0
      Temps:         17       0       0       0       0       0       0       0       0       0       0       0       0       0       0       0       0
      Totals:        17       0       0       0       0       0       0       0       0       0       0       0       0       0       0       0       0
Total ram usage:       17 bytes
 Hardware stack levels used:    1
 Hardware stack levels required when called:    1
 This function calls:
		Nothing
 This function is called by:
		Interrupt level 1
 This function uses a non-reentrant model


 *************** function _HighIsr *****************
 Defined at:
		line 18 in file "test.c"
 Parameters:    Size  Location     Type
		None
 Auto vars:     Size  Location     Type
		None
 Return value:  Size  Location     Type
                  1    wreg      void 
 Registers used:
		wreg, status,2, status,0
 Tracked objects:
		On entry : 
		On exit  : 
		Unchanged: 
 Data sizes:     COMRAM   BANK0   BANK1   BANK2   BANK3   BANK4   BANK5   BANK6   BANK7   BANK8   BANK9  BANK10  BANK11  BANK12  BANK13  BANK14  BANK15
      Params:         0       0       0       0       0       0       0       0       0       0       0       0       0       0       0       0       0
      Locals:         0       0       0       0       0       0       0       0       0       0       0       0       0       0       0       0       0
      Temps:         14       0       0       0       0       0       0       0       0       0       0       0       0       0       0       0       0
      Totals:        14       0       0       0       0       0       0       0       0       0       0       0       0       0       0       0       0
Total ram usage:       14 bytes
 Hardware stack levels used:    1
 This function calls:
		Nothing
 This function is called by:
		Interrupt level 2
 This function uses a non-reentrant model



MODULE INFORMATION

Module		Function		Class		Link	Load	Size
LCD8.c
		_LCD8init      		CODE           	14D8	0000	191
		_LCD8send      		CODE           	1900	0000	61

LCD8.c estimated size: 252

test.c
		_HighIsr       		CODE           	0008	0000	161
		_main          		CODE           	102C	0000	793
		_LowIsr        		CODE           	0018	0000	143
		_lcdWriteLine  		CODE           	1596	0000	151
		_writeLCD      		CODE           	1858	0000	87
		_writeNum      		CODE           	1978	0000	59

test.c estimated size: 1394

delay.h
		_delay_us      		CODE           	19E4	0000	51
		_delay_ms      		CODE           	193C	0000	61

delay.h estimated size: 112

C:\Program Files (x86)\Microchip\xc8\v1.37\sources\common\doprnt.c
		_sprintf       		CODE           	1344	0000	405

C:\Program Files (x86)\Microchip\xc8\v1.37\sources\common\doprnt.c estimated size: 405

Keypad.c
		_process_key   		CODE           	19B2	0000	51
		_KeyPadinit    		CODE           	1ABC	0000	7
		_Read_KeyPad   		CODE           	16BE	0000	119

Keypad.c estimated size: 177

C:\Program Files (x86)\Microchip\xc8\v1.37\sources\common\lwdiv.c
		___lwdiv       		CODE           	17FA	0000	95

C:\Program Files (x86)\Microchip\xc8\v1.37\sources\common\lwdiv.c estimated size: 95

exprom.h
		_XEERead       		CODE           	1A16	0000	41
		_eeWriteChar   		CODE           	1734	0000	101
		_XEEInit       		CODE           	1A3E	0000	27
		_wait          		CODE           	1AB6	0000	7

exprom.h estimated size: 176

EEPROM.h
		_ee_read_byte  		CODE           	1A70	0000	21

EEPROM.h estimated size: 21

shared
		_READ_MODE     		SMALLCONST     	100F	0000	3
		_dpowers       		SMALLCONST     	1001	0000	11
		__initialization		CODE           	18AE	0000	73
		_WRITE_MODE    		SMALLCONST     	1011	0000	3
		_EEDELAY       		SMALLCONST     	100B	0000	5

shared estimated size: 95

SPI.c
		_SPI1init      		CODE           	1A84	0000	19
		_SPI1out       		CODE           	1AA6	0000	17

SPI.c estimated size: 36

C:\Program Files (x86)\Microchip\xc8\v1.37\sources\common\lwmod.c
		___lwmod       		CODE           	1798	0000	99

C:\Program Files (x86)\Microchip\xc8\v1.37\sources\common\lwmod.c estimated size: 99

