Microchip MPLAB XC8 Compiler V1.37 ()

Linker command line:

-W-3 --edf=C:\Program Files (x86)\Microchip\xc8\v1.37\dat\en_msgs.txt -cs \
  -h+dist/default/production\mini-project.X.production.sym \
  --cmf=dist/default/production\mini-project.X.production.cmf -z -Q18F97J60 \
  -oC:\Users\user\AppData\Local\Temp\sd58.2 \
  -Mdist/default/production/mini-project.X.production.map -E1 -ver=XC8 \
  -ASTACK=09Dh-0e7fh -pstack=STACK -ACODE=00h-01FFF7h -ACONST=00h-01FFF7h \
  -ASMALLCONST=01000h-010FFhx495,01FF00h-01FFF7h \
  -AMEDIUMCONST=01000h-0FFFFh,011000h-01FFF7h -ACOMRAM=01h-05Fh \
  -AABS1=00h-0E7Fh,0F00h-0F5Fh -ABIGRAM=01h-0E7Fh,0F00h-0F5Fh \
  -ARAM=060h-0FFh,0100h-01FFhx13,0E00h-0E7Fh,0F00h-0F5Fh -ABANK0=060h-0FFh \
  -ABANK1=0100h-01FFh -ABANK2=0200h-02FFh -ABANK3=0300h-03FFh \
  -ABANK4=0400h-04FFh -ABANK5=0500h-05FFh -ABANK6=0600h-06FFh \
  -ABANK7=0700h-07FFh -ABANK8=0800h-08FFh -ABANK9=0900h-09FFh \
  -ABANK10=0A00h-0AFFh -ABANK11=0B00h-0BFFh -ABANK12=0C00h-0CFFh \
  -ABANK13=0D00h-0DFFh -ABANK14=0E00h-0E7Fh -ABANK15=0F00h-0F5Fh \
  -ASFR=0E80h-0EFFh,0F60h-0FFFh \
  -preset_vec=00h,intcode=08h,intcodelo=018h,powerup,init,end_init \
  -pramtop=01000h -psmallconst=SMALLCONST -pmediumconst=MEDIUMCONST \
  -pconst=CONST -AFARRAM=00h-00h -ACONFIG=01FFF8h-01FFFDh -pconfig=CONFIG \
  -pjflash_buffer=01F800h \
  -prdata=COMRAM,nvrram=COMRAM,nvbit=COMRAM,rbss=COMRAM,rbit=COMRAM \
  -pfarbss=FARRAM,fardata=FARRAM,nvFARRAM=FARRAM \
  -pintsave_regs=BIGRAM,bigbss=BIGRAM,bigdata=BIGRAM -pbss=RAM \
  -pidata=CODE,irdata=CODE,ibigdata=CODE,ifardata=CODE -prparam=COMRAM \
  C:\Users\user\AppData\Local\Temp\sd58.obj \
  dist/default/production\mini-project.X.production.obj 

Object code version is 3.11

Machine type is 18F97J60

Call graph: (short form)




                Name                               Link     Load   Length Selector   Space Scale
C:\Users\user\AppData\Local\Temp\sd58.obj
                end_init                             A6       A6        4        C       0
                reset_vec                             0        0        4        0       0
                config                            1FFF8    1FFF8        6    1FFF8       0
dist/default/production\mini-project.X.production.obj
                intcodelo                            18       18       8E        C       0
                intcode                               8        8        E        4       0
                temp                                 40       40        1        1       1
                smallconst                         1000     1000       2C      800       0
                intcode_body                       162C     162C       92      816       0
                text21                             1B22     1B22        6      816       0
                text20                             19A2     19A2       3C      816       0
                text19                             1A4A     1A4A       32      816       0
                text18                             1966     1966       3C      816       0
                text17                             14D8     14D8       BE      816       0
                text16                             1A18     1A18       32      816       0
                text15                             1738     1738       76      816       0
                text14                             1B0C     1B0C       10      816       0
                text13                             1AEA     1AEA       12      816       0
                text12                             1AA4     1AA4       1A      816       0
                text11                             1B1C     1B1C        6      816       0
                text10                             1916     1916       50      816       0
                text9                              16BE     16BE       7A      816       0
                text8                              1A7C     1A7C       28      816       0
                text7                              1AD6     1AD6       14      816       0
                text6                              1596     1596       96      816       0
                text5                              1810     1810       5E      816       0
                text4                              17AE     17AE       62      816       0
                text3                              1344     1344      194      816       0
                text2                              19DE     19DE       3A      816       0
                text1                              186E     186E       56      816       0
                text0                              102C     102C      318      816       0
                cstackCOMRAM                          1        1       23        1       1
                cstackBANK0                          60       60       2D       60       1
                dataBANK0                            8D       8D       10       60       1
                dataCOMRAM                           24       24       18        1       1
                bssCOMRAM                            3C       3C        4        1       1
                cinit                              18C4     18C4       52      816       0
                idataBANK0                         1AFC     1AFC       10      816       0
                idataCOMRAM                        1ABE     1ABE       18      816       0

TOTAL           Name                               Link     Load   Length     Space
        CLASS   STACK          

        CLASS   CODE           
                end_init                             A6       A6        4         0
                intcodelo                            18       18       8E         0
                intcode                               8        8        E         0
                reset_vec                             0        0        4         0
                intcode_body                       162C     162C       92         0
                text21                             1B22     1B22        6         0
                text20                             19A2     19A2       3C         0
                text19                             1A4A     1A4A       32         0
                text18                             1966     1966       3C         0
                text17                             14D8     14D8       BE         0
                text16                             1A18     1A18       32         0
                text15                             1738     1738       76         0
                text14                             1B0C     1B0C       10         0
                text13                             1AEA     1AEA       12         0
                text12                             1AA4     1AA4       1A         0
                text11                             1B1C     1B1C        6         0
                text10                             1916     1916       50         0
                text9                              16BE     16BE       7A         0
                text8                              1A7C     1A7C       28         0
                text7                              1AD6     1AD6       14         0
                text6                              1596     1596       96         0
                text5                              1810     1810       5E         0
                text4                              17AE     17AE       62         0
                text3                              1344     1344      194         0
                text2                              19DE     19DE       3A         0
                text1                              186E     186E       56         0
                text0                              102C     102C      318         0
                cinit                              18C4     18C4       52         0
                idataBANK0                         1AFC     1AFC       10         0
                idataCOMRAM                        1ABE     1ABE       18         0

        CLASS   CONST          

        CLASS   SMALLCONST     
                smallconst                         1000     1000       2C         0

        CLASS   MEDIUMCONST    

        CLASS   COMRAM         
                temp                                 40       40        1         1
                cstackCOMRAM                          1        1       23         1
                dataCOMRAM                           24       24       18         1
                bssCOMRAM                            3C       3C        4         1

        CLASS   ABS1           

        CLASS   BIGRAM         

        CLASS   RAM            

        CLASS   BANK0          
                cstackBANK0                          60       60       2D         1
                dataBANK0                            8D       8D       10         1

        CLASS   BANK1          

        CLASS   BANK2          

        CLASS   BANK3          

        CLASS   BANK4          

        CLASS   BANK5          

        CLASS   BANK6          

        CLASS   BANK7          

        CLASS   BANK8          

        CLASS   BANK9          

        CLASS   BANK10         

        CLASS   BANK11         

        CLASS   BANK12         

        CLASS   BANK13         

        CLASS   BANK14         

        CLASS   BANK15         

        CLASS   SFR            

        CLASS   FARRAM         

        CLASS   CONFIG         
                config                            1FFF8    1FFF8        6         0

        CLASS   IDLOC          



SEGMENTS        Name                           Load    Length   Top    Selector   Space  Class

                reset_vec                      000000  000004  000004         0       0  CODE    
                cstackCOMRAM                   000001  000040  000041         1       1  COMRAM  
                intcode                        000008  00000E  000016         4       0  CODE    
                intcodelo                      000018  000092  0000AA         C       0  CODE    
                cstackBANK0                    000060  00003D  00009D        60       1  BANK0   
                smallconst                     001000  00002C  00102C       800       0  SMALLCON
                text0                          00102C  000AFC  001B28       816       0  CODE    
                config                         01FFF8  000006  01FFFE     1FFF8       0  CONFIG  


UNUSED ADDRESS RANGES

        Name                Unused          Largest block    Delta
        BANK0            0009D-000FF              63
        BANK1            00100-001FF             100
        BANK10           00A00-00AFF             100
        BANK11           00B00-00BFF             100
        BANK12           00C00-00CFF             100
        BANK13           00D00-00DFF             100
        BANK14           00E00-00E7F              80
        BANK15           00F00-00F5F              60
        BANK2            00200-002FF             100
        BANK3            00300-003FF             100
        BANK4            00400-004FF             100
        BANK5            00500-005FF             100
        BANK6            00600-006FF             100
        BANK7            00700-007FF             100
        BANK8            00800-008FF             100
        BANK9            00900-009FF             100
        BIGRAM           00041-0005F              1F
                         0009D-00E7F             DE3
                         00F00-00F5F              60
        CODE             00004-00007               4
                         00016-00017               2
                         000AA-00FFF             F56
                         01B28-1FFF7           1E4D0
        COMRAM           00041-0005F              1F
        CONST            00004-00007               4
                         00016-00017               2
                         000AA-00FFF             F56
                         01B28-1FFF7           1E4D0
        MEDIUMCONST      01B28-0FFFF            E4D8
                         11000-1FFF7            EFF8
        RAM              0009D-00E7F             100
                         00F00-00F5F              60
        SFR              00E80-00EFF              80
                         00F60-00FFF              A0
        SMALLCONST       01B28-1FFF7             100
        STACK            0009D-00E7F             DE3

                                  Symbol Table

?_XEEIsBusy               cstackCOMRAM  00020
?___lwdiv                 cstackCOMRAM  00020
?___lwmod                 cstackBANK0   00063
?_sprintf                 cstackBANK0   00068
LCD8send@c                cstackBANK0   00062
LCD8send@mode             cstackCOMRAM  00023
Read_KeyPad@Col           cstackBANK0   00063
Read_KeyPad@code          cstackBANK0   00064
Read_KeyPad@i             cstackBANK0   00061
Read_KeyPad@value         cstackBANK0   00060
SPI1out@Code              cstackCOMRAM  00020
XEEIsBusy@SPICON1Save     cstackBANK0   00060
XEEIsBusy@val             cstackBANK0   00064
XEERead@address           cstackCOMRAM  00021
XEERead@buffer            cstackCOMRAM  00022
_BAUDCON1                 (abs)         00F7E
_EEDELAY                  smallconst    0100B
_HighIsr                  intcode       00008
_INTCONbits               (abs)         00FF2
_IPR1bits                 (abs)         00F9F
_IPR3bits                 (abs)         00FA5
_KeyPadinit               text21        01B22
_LATCbits                 (abs)         00F8B
_LATD                     (abs)         00F8C
_LATE                     (abs)         00F8D
_LATHbits                 (abs)         00F90
_LCD8init                 text17        014D8
_LCD8send                 text18        01966
_LowIsr                   intcodelo     00018
_PIE1bits                 (abs)         00F9D
_PIE3bits                 (abs)         00FA3
_PIR1bits                 (abs)         00F9E
_PIR3bits                 (abs)         00FA4
_PORTD                    (abs)         00F83
_PORTDbits                (abs)         00F83
_PORTJ                    (abs)         00F88
_RCONbits                 (abs)         00FD0
_RCSTA1bits               (abs)         00FAB
_RCSTAbits                (abs)         00FAB
_READ_MODE                smallconst    0100F
_Read_KeyPad              text15        01738
_SPBRG1                   (abs)         00FAF
_SPI1init                 text13        01AEA
_SPI1out                  text14        01B0C
_SSP1BUF                  (abs)         00FC9
_SSP1CON1                 (abs)         00FC6
_SSP1STATbits             (abs)         00FC7
_SSPBUF                   (abs)         00FC9
_TRISCbits                (abs)         00F94
_TRISD                    (abs)         00F95
_TRISDbits                (abs)         00F95
_TRISE                    (abs)         00F96
_TRISH                    (abs)         00F99
_TRISJ                    (abs)         00F9A
_TXREG1                   (abs)         00FAD
_TXSTA1                   (abs)         00FAC
_TXSTA1bits               (abs)         00FAC
_WRITE_MODE               smallconst    01011
_XEEInit                  text12        01AA4
_XEEIsBusy                text10        01916
_XEERead                  text8         01A7C
__CFG_FOSC$HS             (abs)         00000
__CFG_WDT$OFF             (abs)         00000
__CFG_XINST$OFF           (abs)         00000
__HRAM                    (abs)         00000
__Habs1                   abs1          00000
__Hbank0                  bank0         00000
__Hbank1                  bank1         00000
__Hbank10                 bank10        00000
__Hbank11                 bank11        00000
__Hbank12                 bank12        00000
__Hbank13                 bank13        00000
__Hbank14                 bank14        00000
__Hbank15                 bank15        00000
__Hbank2                  bank2         00000
__Hbank3                  bank3         00000
__Hbank4                  bank4         00000
__Hbank5                  bank5         00000
__Hbank6                  bank6         00000
__Hbank7                  bank7         00000
__Hbank8                  bank8         00000
__Hbank9                  bank9         00000
__Hbigbss                 bigbss        00000
__Hbigdata                bigdata       00000
__Hbigram                 bigram        00000
__Hbss                    bss           00000
__HbssCOMRAM              bssCOMRAM     00000
__Hcinit                  cinit         00000
__Hclrtext                clrtext       00000
__Hcomram                 comram        00000
__Hconfig                 config        1FFFE
__Hconst                  const         00000
__HcstackBANK0            cstackBANK0   00000
__HcstackCOMRAM           cstackCOMRAM  00000
__Hdata                   data          00000
__HdataBANK0              dataBANK0     00000
__HdataCOMRAM             dataCOMRAM    00000
__Hend_init               end_init      000AA
__Hfarbss                 farbss        00000
__Hfardata                fardata       00000
__Hibigdata               ibigdata      00000
__Hidata                  idata         00000
__HidataBANK0             idataBANK0    00000
__HidataCOMRAM            idataCOMRAM   00000
__Hidloc                  idloc         00000
__Hifardata               ifardata      00000
__Hinit                   init          000A6
__Hintcode                intcode       00016
__Hintcode_body           intcode_body  00000
__Hintcodelo              intcodelo     000A6
__Hintentry               intentry      00000
__Hintret                 intret        00000
__Hintsave_regs           intsave_regs  00000
__Hirdata                 irdata        00000
__Hjflash_buffer          jflash_buffer 1F800
__Hmediumconst            mediumconst   00000
__HnvFARRAM               nvFARRAM      00000
__Hnvbit                  nvbit         00000
__Hnvrram                 nvrram        00000
__Hparam                  rparam        00000
__Hpowerup                powerup       000A6
__Hram                    ram           00000
__Hramtop                 ramtop        01000
__Hrbit                   rbit          00000
__Hrbss                   rbss          00000
__Hrdata                  rdata         00000
__Hreset_vec              reset_vec     00004
__Hrparam                 rparam        00000
__Hsfr                    sfr           00000
__Hsmallconst             smallconst    0102C
__Hspace_0                (abs)         1FFFE
__Hspace_1                (abs)         0009D
__Hspace_2                (abs)         00000
__Hstack                  stack         00000
__Hstruct                 struct        00000
__Htemp                   temp          00041
__Htext                   text          00000
__Htext0                  text0         00000
__Htext1                  text1         00000
__Htext10                 text10        00000
__Htext11                 text11        00000
__Htext12                 text12        00000
__Htext13                 text13        00000
__Htext14                 text14        00000
__Htext15                 text15        00000
__Htext16                 text16        00000
__Htext17                 text17        00000
__Htext18                 text18        00000
__Htext19                 text19        00000
__Htext2                  text2         00000
__Htext20                 text20        00000
__Htext21                 text21        00000
__Htext3                  text3         00000
__Htext4                  text4         00000
__Htext5                  text5         00000
__Htext6                  text6         00000
__Htext7                  text7         00000
__Htext8                  text8         00000
__Htext9                  text9         00000
__LRAM                    (abs)         00001
__Labs1                   abs1          00000
__Lbank0                  bank0         00000
__Lbank1                  bank1         00000
__Lbank10                 bank10        00000
__Lbank11                 bank11        00000
__Lbank12                 bank12        00000
__Lbank13                 bank13        00000
__Lbank14                 bank14        00000
__Lbank15                 bank15        00000
__Lbank2                  bank2         00000
__Lbank3                  bank3         00000
__Lbank4                  bank4         00000
__Lbank5                  bank5         00000
__Lbank6                  bank6         00000
__Lbank7                  bank7         00000
__Lbank8                  bank8         00000
__Lbank9                  bank9         00000
__Lbigbss                 bigbss        00000
__Lbigdata                bigdata       00000
__Lbigram                 bigram        00000
__Lbss                    bss           00000
__LbssCOMRAM              bssCOMRAM     00000
__Lcinit                  cinit         00000
__Lclrtext                clrtext       00000
__Lcomram                 comram        00000
__Lconfig                 config        1FFF8
__Lconst                  const         00000
__LcstackBANK0            cstackBANK0   00000
__LcstackCOMRAM           cstackCOMRAM  00000
__Ldata                   data          00000
__LdataBANK0              dataBANK0     00000
__LdataCOMRAM             dataCOMRAM    00000
__Lend_init               end_init      000A6
__Lfarbss                 farbss        00000
__Lfardata                fardata       00000
__Libigdata               ibigdata      00000
__Lidata                  idata         00000
__LidataBANK0             idataBANK0    00000
__LidataCOMRAM            idataCOMRAM   00000
__Lidloc                  idloc         00000
__Lifardata               ifardata      00000
__Linit                   init          000A6
__Lintcode                intcode       00008
__Lintcode_body           intcode_body  00000
__Lintcodelo              intcodelo     00018
__Lintentry               intentry      00000
__Lintret                 intret        00000
__Lintsave_regs           intsave_regs  00000
__Lirdata                 irdata        00000
__Ljflash_buffer          jflash_buffer 1F800
__Lmediumconst            mediumconst   00000
__LnvFARRAM               nvFARRAM      00000
__Lnvbit                  nvbit         00000
__Lnvrram                 nvrram        00000
__Lparam                  rparam        00000
__Lpowerup                powerup       000A6
__Lram                    ram           00000
__Lramtop                 ramtop        01000
__Lrbit                   rbit          00000
__Lrbss                   rbss          00000
__Lrdata                  rdata         00000
__Lreset_vec              reset_vec     00000
__Lrparam                 rparam        00000
__Lsfr                    sfr           00000
__Lsmallconst             smallconst    01000
__Lspace_0                (abs)         00000
__Lspace_1                (abs)         00000
__Lspace_2                (abs)         00000
__Lstack                  stack         00000
__Lstruct                 struct        00000
__Ltemp                   temp          00040
__Ltext                   text          00000
__Ltext0                  text0         00000
__Ltext1                  text1         00000
__Ltext10                 text10        00000
__Ltext11                 text11        00000
__Ltext12                 text12        00000
__Ltext13                 text13        00000
__Ltext14                 text14        00000
__Ltext15                 text15        00000
__Ltext16                 text16        00000
__Ltext17                 text17        00000
__Ltext18                 text18        00000
__Ltext19                 text19        00000
__Ltext2                  text2         00000
__Ltext20                 text20        00000
__Ltext21                 text21        00000
__Ltext3                  text3         00000
__Ltext4                  text4         00000
__Ltext5                  text5         00000
__Ltext6                  text6         00000
__Ltext7                  text7         00000
__Ltext8                  text8         00000
__Ltext9                  text9         00000
__S0                      (abs)         1FFFE
__S1                      (abs)         0009D
__S2                      (abs)         00000
___extmem_base            (abs)         20000
___inthi_sp               stack         00000
___intlo_sp               stack         00000
___lwdiv                  text5         01810
___lwdiv@counter          cstackBANK0   00060
___lwdiv@dividend         cstackCOMRAM  00020
___lwdiv@divisor          cstackCOMRAM  00022
___lwdiv@quotient         cstackBANK0   00061
___lwmod                  text4         017AE
___lwmod@counter          cstackBANK0   00067
___lwmod@dividend         cstackBANK0   00063
___lwmod@divisor          cstackBANK0   00065
___param_bank             (abs)         00010
___rparam_used            (abs)         00001
___sp                     stack         00000
__accesstop               (abs)         00060
__activetblptr            (abs)         00003
__end_of_EEDELAY          smallconst    0100F
__end_of_HighIsr          intcode_body  016BE
__end_of_KeyPadinit       text21        01B28
__end_of_LCD8init         text17        01596
__end_of_LCD8send         text18        019A2
__end_of_LowIsr           intcodelo     000A6
__end_of_READ_MODE        smallconst    01011
__end_of_Read_KeyPad      text15        017AE
__end_of_SPI1init         text13        01AFC
__end_of_SPI1out          text14        01B1C
__end_of_WRITE_MODE       smallconst    01013
__end_of_XEEInit          text12        01ABE
__end_of_XEEIsBusy        text10        01966
__end_of_XEERead          text8         01AA4
__end_of___lwdiv          text5         0186E
__end_of___lwmod          text4         01810
__end_of__initialization  cinit         0190C
__end_of_delay_ms         text20        019DE
__end_of_delay_us         text19        01A7C
__end_of_dpowers          smallconst    0100B
__end_of_eeWriteChar      text9         01738
__end_of_ee_read_byte     text7         01AEA
__end_of_lcdWriteLine     text6         0162C
__end_of_main             text0         01344
__end_of_process_key      text16        01A4A
__end_of_sprintf          text3         014D8
__end_of_wait             text11        01B22
__end_of_writeLCD         text1         018C4
__end_of_writeNum         text2         01A18
__initialization          cinit         018C4
__mediumconst             mediumconst   00000
__pbssCOMRAM              bssCOMRAM     0003C
__pcinit                  cinit         018C4
__pcstackBANK0            cstackBANK0   00060
__pcstackCOMRAM           cstackCOMRAM  00001
__pdataBANK0              dataBANK0     0008D
__pdataCOMRAM             dataCOMRAM    00024
__pidataBANK0             idataBANK0    01AFC
__pidataCOMRAM            idataCOMRAM   01ABE
__pintcode                intcode       00008
__pintcode_body           intcode_body  0162C
__pintcodelo              intcodelo     00018
__psmallconst             smallconst    01000
__ptext0                  text0         0102C
__ptext1                  text1         0186E
__ptext10                 text10        01916
__ptext11                 text11        01B1C
__ptext12                 text12        01AA4
__ptext13                 text13        01AEA
__ptext14                 text14        01B0C
__ptext15                 text15        01738
__ptext16                 text16        01A18
__ptext17                 text17        014D8
__ptext18                 text18        01966
__ptext19                 text19        01A4A
__ptext2                  text2         019DE
__ptext20                 text20        019A2
__ptext21                 text21        01B22
__ptext3                  text3         01344
__ptext4                  text4         017AE
__ptext5                  text5         01810
__ptext6                  text6         01596
__ptext7                  text7         01AD6
__ptext8                  text8         01A7C
__ptext9                  text9         016BE
__ramtop                  ramtop        01000
__size_of_HighIsr         (abs)         00000
__size_of_KeyPadinit      (abs)         00000
__size_of_LCD8init        (abs)         00000
__size_of_LCD8send        (abs)         00000
__size_of_LowIsr          (abs)         00000
__size_of_Read_KeyPad     (abs)         00000
__size_of_SPI1init        (abs)         00000
__size_of_SPI1out         (abs)         00000
__size_of_XEEInit         (abs)         00000
__size_of_XEEIsBusy       (abs)         00000
__size_of_XEERead         (abs)         00000
__size_of___lwdiv         (abs)         00000
__size_of___lwmod         (abs)         00000
__size_of_delay_ms        (abs)         00000
__size_of_delay_us        (abs)         00000
__size_of_eeWriteChar     (abs)         00000
__size_of_ee_read_byte    (abs)         00000
__size_of_lcdWriteLine    (abs)         00000
__size_of_main            (abs)         00000
__size_of_process_key     (abs)         00000
__size_of_sprintf         (abs)         00000
__size_of_wait            (abs)         00000
__size_of_writeLCD        (abs)         00000
__size_of_writeNum        (abs)         00000
__smallconst              smallconst    01000
_counter                  bssCOMRAM     0003C
_delay_ms                 text20        019A2
_delay_us                 text19        01A4A
_dpowers                  smallconst    01001
_eeWriteChar              text9         016BE
_ee_read_byte             text7         01AD6
_keyValues                dataBANK0     0008D
_lcdWriteLine             text6         01596
_main                     text0         0102C
_process_key              text16        01A18
_scan_code                dataCOMRAM    00024
_sec                      bssCOMRAM     0003E
_sprintf                  text3         01344
_wait                     text11        01B1C
_writeLCD                 text1         0186E
_writeNum                 text2         019DE
btemp                     temp          00040
clr_screen@F6532          dataCOMRAM    00034
cursor_home@F6537         dataCOMRAM    00038
delay_ms@i                cstackBANK0   00060
delay_ms@x                cstackCOMRAM  00020
delay_us@i                cstackBANK0   00060
delay_us@x                cstackCOMRAM  00020
eeWriteChar@Dummy         cstackBANK0   00068
eeWriteChar@EEPROMAddress cstackBANK0   0006E
eeWriteChar@SPICON1Save   cstackBANK0   0006A
eeWriteChar@sr            cstackBANK0   0006F
eeWriteChar@value         cstackCOMRAM  00022
ee_read_byte@_data        cstackBANK0   00060
ee_read_byte@address      cstackCOMRAM  00023
end_of_initialization     cinit         0190C
int$flags                 temp          00040
int_func                  intcode_body  0162C
intlevel0                 text          00000
intlevel1                 text          00000
intlevel2                 text          00000
intlevel3                 text          00000
lcdWriteLine@data         cstackBANK0   00063
lcdWriteLine@i            cstackBANK0   00067
main@address              cstackBANK0   00086
main@key                  cstackBANK0   0008A
main@keyNo                cstackBANK0   00088
main@mode                 cstackBANK0   0008B
main@prevKey              cstackBANK0   00085
main@writeValue           cstackBANK0   00087
process_key@code          cstackCOMRAM  00021
process_key@i             cstackCOMRAM  00022
sprintf@ap                cstackBANK0   0006F
sprintf@c                 cstackBANK0   00075
sprintf@f                 cstackBANK0   0006A
sprintf@flag              cstackBANK0   00071
sprintf@prec              cstackBANK0   00072
sprintf@sp                cstackBANK0   00068
sprintf@val               cstackBANK0   00073
stackhi                   (abs)         00E7F
stacklo                   (abs)         0009D
start                     init          000A6
start_initialization      cinit         018C4
writeLCD@address          cstackBANK0   00083
writeLCD@data             cstackBANK0   00081
writeNum@numStr           cstackBANK0   00076
writeNum@number           cstackBANK0   00080


FUNCTION INFORMATION:

 *************** function _main *****************
 Defined at:
		line 61 in file "test.c"
 Parameters:    Size  Location     Type
		None
 Auto vars:     Size  Location     Type
  keyNo           2   40[BANK0 ] int 
  key             1   42[BANK0 ] unsigned char 
  mode            2   43[BANK0 ] unsigned int 
  writeValue      1   39[BANK0 ] unsigned char 
  address         1   38[BANK0 ] unsigned char 
  prevKey         1   37[BANK0 ] unsigned char 
 Return value:  Size  Location     Type
                  1    wreg      void 
 Registers used:
		wreg, fsr0l, fsr0h, fsr2l, fsr2h, status,2, status,0, tblptrl, tblptrh, tblptru, prodl, prodh, cstack
 Tracked objects:
		On entry : 
		On exit  : 
		Unchanged: 
 Data sizes:     COMRAM   BANK0   BANK1   BANK2   BANK3   BANK4   BANK5   BANK6   BANK7   BANK8   BANK9  BANK10  BANK11  BANK12  BANK13  BANK14  BANK15
      Params:         0       0       0       0       0       0       0       0       0       0       0       0       0       0       0       0       0
      Locals:         0       8       0       0       0       0       0       0       0       0       0       0       0       0       0       0       0
      Temps:          0       1       0       0       0       0       0       0       0       0       0       0       0       0       0       0       0
      Totals:         0       9       0       0       0       0       0       0       0       0       0       0       0       0       0       0       0
Total ram usage:        9 bytes
 Hardware stack levels required when called:    7
 This function calls:
		_KeyPadinit
		_LCD8init
		_LCD8send
		_Read_KeyPad
		_XEEInit
		_delay_ms
		_eeWriteChar
		_lcdWriteLine
		_writeLCD
		_writeNum
 This function is called by:
		Startup code after reset
 This function uses a non-reentrant model


 *************** function _writeLCD *****************
 Defined at:
		line 49 in file "test.c"
 Parameters:    Size  Location     Type
  address         1    wreg     unsigned char 
 Auto vars:     Size  Location     Type
  address         1   35[BANK0 ] unsigned char 
  data            2   33[BANK0 ] PTR unsigned char 
 Return value:  Size  Location     Type
                  1    wreg      void 
 Registers used:
		wreg, fsr0l, fsr0h, fsr2l, fsr2h, status,2, status,0, tblptrl, tblptrh, tblptru, prodl, prodh, cstack
 Tracked objects:
		On entry : 
		On exit  : 
		Unchanged: 
 Data sizes:     COMRAM   BANK0   BANK1   BANK2   BANK3   BANK4   BANK5   BANK6   BANK7   BANK8   BANK9  BANK10  BANK11  BANK12  BANK13  BANK14  BANK15
      Params:         0       0       0       0       0       0       0       0       0       0       0       0       0       0       0       0       0
      Locals:         0       3       0       0       0       0       0       0       0       0       0       0       0       0       0       0       0
      Temps:          0       0       0       0       0       0       0       0       0       0       0       0       0       0       0       0       0
      Totals:         0       3       0       0       0       0       0       0       0       0       0       0       0       0       0       0       0
Total ram usage:        3 bytes
 Hardware stack levels used:    1
 Hardware stack levels required when called:    6
 This function calls:
		_LCD8send
		_ee_read_byte
		_lcdWriteLine
		_writeNum
 This function is called by:
		_main
 This function uses a non-reentrant model


 *************** function _writeNum *****************
 Defined at:
		line 43 in file "test.c"
 Parameters:    Size  Location     Type
  number          1    wreg     unsigned char 
 Auto vars:     Size  Location     Type
  number          1   32[BANK0 ] unsigned char 
  numStr         10   22[BANK0 ] unsigned char [10]
 Return value:  Size  Location     Type
                  1    wreg      void 
 Registers used:
		wreg, fsr0l, fsr0h, fsr2l, fsr2h, status,2, status,0, tblptrl, tblptrh, tblptru, prodl, prodh, cstack
 Tracked objects:
		On entry : 
		On exit  : 
		Unchanged: 
 Data sizes:     COMRAM   BANK0   BANK1   BANK2   BANK3   BANK4   BANK5   BANK6   BANK7   BANK8   BANK9  BANK10  BANK11  BANK12  BANK13  BANK14  BANK15
      Params:         0       0       0       0       0       0       0       0       0       0       0       0       0       0       0       0       0
      Locals:         0      11       0       0       0       0       0       0       0       0       0       0       0       0       0       0       0
      Temps:          0       0       0       0       0       0       0       0       0       0       0       0       0       0       0       0       0
      Totals:         0      11       0       0       0       0       0       0       0       0       0       0       0       0       0       0       0
Total ram usage:       11 bytes
 Hardware stack levels used:    1
 Hardware stack levels required when called:    5
 This function calls:
		_lcdWriteLine
		_sprintf
 This function is called by:
		_writeLCD
		_main
 This function uses a non-reentrant model


 *************** function _sprintf *****************
 Defined at:
		line 492 in file "C:\Program Files (x86)\Microchip\xc8\v1.37\sources\common\doprnt.c"
 Parameters:    Size  Location     Type
  sp              2    8[BANK0 ] PTR unsigned char 
		 -> writeNum@numStr(10), 
  f               2   10[BANK0 ] PTR const unsigned char 
		 -> STR_1(3), 
 Auto vars:     Size  Location     Type
  tmpval          4    0        struct .
  cp              3    0        PTR const unsigned char 
  val             2   19[BANK0 ] unsigned int 
  ap              2   15[BANK0 ] PTR void [1]
		 -> ?_sprintf(2), 
  len             2    0        unsigned int 
  c               1   21[BANK0 ] char 
  prec            1   18[BANK0 ] char 
  flag            1   17[BANK0 ] unsigned char 
 Return value:  Size  Location     Type
                  2    8[BANK0 ] int 
 Registers used:
		wreg, fsr2l, fsr2h, status,2, status,0, tblptrl, tblptrh, tblptru, prodl, prodh, cstack
 Tracked objects:
		On entry : 
		On exit  : 
		Unchanged: 
 Data sizes:     COMRAM   BANK0   BANK1   BANK2   BANK3   BANK4   BANK5   BANK6   BANK7   BANK8   BANK9  BANK10  BANK11  BANK12  BANK13  BANK14  BANK15
      Params:         0       6       0       0       0       0       0       0       0       0       0       0       0       0       0       0       0
      Locals:         0       7       0       0       0       0       0       0       0       0       0       0       0       0       0       0       0
      Temps:          0       1       0       0       0       0       0       0       0       0       0       0       0       0       0       0       0
      Totals:         0      14       0       0       0       0       0       0       0       0       0       0       0       0       0       0       0
Total ram usage:       14 bytes
 Hardware stack levels used:    1
 Hardware stack levels required when called:    3
 This function calls:
		___lwdiv
		___lwmod
 This function is called by:
		_writeNum
 This function uses a non-reentrant model


 *************** function ___lwmod *****************
 Defined at:
		line 8 in file "C:\Program Files (x86)\Microchip\xc8\v1.37\sources\common\lwmod.c"
 Parameters:    Size  Location     Type
  dividend        2    3[BANK0 ] unsigned int 
  divisor         2    5[BANK0 ] unsigned int 
 Auto vars:     Size  Location     Type
  counter         1    7[BANK0 ] unsigned char 
 Return value:  Size  Location     Type
                  2    3[BANK0 ] unsigned int 
 Registers used:
		wreg, status,2, status,0
 Tracked objects:
		On entry : 
		On exit  : 
		Unchanged: 
 Data sizes:     COMRAM   BANK0   BANK1   BANK2   BANK3   BANK4   BANK5   BANK6   BANK7   BANK8   BANK9  BANK10  BANK11  BANK12  BANK13  BANK14  BANK15
      Params:         0       4       0       0       0       0       0       0       0       0       0       0       0       0       0       0       0
      Locals:         0       1       0       0       0       0       0       0       0       0       0       0       0       0       0       0       0
      Temps:          0       0       0       0       0       0       0       0       0       0       0       0       0       0       0       0       0
      Totals:         0       5       0       0       0       0       0       0       0       0       0       0       0       0       0       0       0
Total ram usage:        5 bytes
 Hardware stack levels used:    1
 Hardware stack levels required when called:    2
 This function calls:
		Nothing
 This function is called by:
		_sprintf
 This function uses a non-reentrant model


 *************** function ___lwdiv *****************
 Defined at:
		line 8 in file "C:\Program Files (x86)\Microchip\xc8\v1.37\sources\common\lwdiv.c"
 Parameters:    Size  Location     Type
  dividend        2   31[COMRAM] unsigned int 
  divisor         2   33[COMRAM] unsigned int 
 Auto vars:     Size  Location     Type
  quotient        2    1[BANK0 ] unsigned int 
  counter         1    0[BANK0 ] unsigned char 
 Return value:  Size  Location     Type
                  2   31[COMRAM] unsigned int 
 Registers used:
		wreg, status,2, status,0
 Tracked objects:
		On entry : 
		On exit  : 
		Unchanged: 
 Data sizes:     COMRAM   BANK0   BANK1   BANK2   BANK3   BANK4   BANK5   BANK6   BANK7   BANK8   BANK9  BANK10  BANK11  BANK12  BANK13  BANK14  BANK15
      Params:         4       0       0       0       0       0       0       0       0       0       0       0       0       0       0       0       0
      Locals:         0       3       0       0       0       0       0       0       0       0       0       0       0       0       0       0       0
      Temps:          0       0       0       0       0       0       0       0       0       0       0       0       0       0       0       0       0
      Totals:         4       3       0       0       0       0       0       0       0       0       0       0       0       0       0       0       0
Total ram usage:        7 bytes
 Hardware stack levels used:    1
 Hardware stack levels required when called:    2
 This function calls:
		Nothing
 This function is called by:
		_sprintf
 This function uses a non-reentrant model


 *************** function _lcdWriteLine *****************
 Defined at:
		line 37 in file "test.c"
 Parameters:    Size  Location     Type
  data            2    3[BANK0 ] PTR unsigned char 
		 -> STR_6(6), STR_5(6), STR_3(3), STR_2(2), 
		 -> writeNum@numStr(10), 
 Auto vars:     Size  Location     Type
  i               2    7[BANK0 ] int 
 Return value:  Size  Location     Type
                  1    wreg      void 
 Registers used:
		wreg, fsr0l, fsr0h, status,2, status,0, tblptrl, tblptrh, tblptru, cstack
 Tracked objects:
		On entry : 
		On exit  : 
		Unchanged: 
 Data sizes:     COMRAM   BANK0   BANK1   BANK2   BANK3   BANK4   BANK5   BANK6   BANK7   BANK8   BANK9  BANK10  BANK11  BANK12  BANK13  BANK14  BANK15
      Params:         0       2       0       0       0       0       0       0       0       0       0       0       0       0       0       0       0
      Locals:         0       2       0       0       0       0       0       0       0       0       0       0       0       0       0       0       0
      Temps:          0       2       0       0       0       0       0       0       0       0       0       0       0       0       0       0       0
      Totals:         0       6       0       0       0       0       0       0       0       0       0       0       0       0       0       0       0
Total ram usage:        6 bytes
 Hardware stack levels used:    1
 Hardware stack levels required when called:    4
 This function calls:
		_LCD8send
 This function is called by:
		_writeNum
		_writeLCD
		_main
 This function uses a non-reentrant model


 *************** function _ee_read_byte *****************
 Defined at:
		line 108 in file "EEPROM.h"
 Parameters:    Size  Location     Type
  address         1    wreg     unsigned char 
  _data           2    0[BANK0 ] PTR unsigned char 
 Auto vars:     Size  Location     Type
  address         1   34[COMRAM] unsigned char 
 Return value:  Size  Location     Type
                  1    wreg      void 
 Registers used:
		wreg, fsr2l, fsr2h, status,2, cstack
 Tracked objects:
		On entry : 
		On exit  : 
		Unchanged: 
 Data sizes:     COMRAM   BANK0   BANK1   BANK2   BANK3   BANK4   BANK5   BANK6   BANK7   BANK8   BANK9  BANK10  BANK11  BANK12  BANK13  BANK14  BANK15
      Params:         0       2       0       0       0       0       0       0       0       0       0       0       0       0       0       0       0
      Locals:         1       0       0       0       0       0       0       0       0       0       0       0       0       0       0       0       0
      Temps:          0       0       0       0       0       0       0       0       0       0       0       0       0       0       0       0       0
      Totals:         1       2       0       0       0       0       0       0       0       0       0       0       0       0       0       0       0
Total ram usage:        3 bytes
 Hardware stack levels used:    1
 Hardware stack levels required when called:    4
 This function calls:
		_XEERead
 This function is called by:
		_writeLCD
		_readEEPROM
 This function uses a non-reentrant model


 *************** function _XEERead *****************
 Defined at:
		line 65 in file "exprom.h"
 Parameters:    Size  Location     Type
  address         1    wreg     unsigned char 
 Auto vars:     Size  Location     Type
  address         1   32[COMRAM] unsigned char 
  buffer          1   33[COMRAM] unsigned char 
 Return value:  Size  Location     Type
                  1    wreg      unsigned char 
 Registers used:
		wreg, status,2, cstack
 Tracked objects:
		On entry : 
		On exit  : 
		Unchanged: 
 Data sizes:     COMRAM   BANK0   BANK1   BANK2   BANK3   BANK4   BANK5   BANK6   BANK7   BANK8   BANK9  BANK10  BANK11  BANK12  BANK13  BANK14  BANK15
      Params:         0       0       0       0       0       0       0       0       0       0       0       0       0       0       0       0       0
      Locals:         2       0       0       0       0       0       0       0       0       0       0       0       0       0       0       0       0
      Temps:          0       0       0       0       0       0       0       0       0       0       0       0       0       0       0       0       0
      Totals:         2       0       0       0       0       0       0       0       0       0       0       0       0       0       0       0       0
Total ram usage:        2 bytes
 Hardware stack levels used:    1
 Hardware stack levels required when called:    3
 This function calls:
		_SPI1out
		_wait
 This function is called by:
		_ee_read_byte
 This function uses a non-reentrant model


 *************** function _eeWriteChar *****************
 Defined at:
		line 83 in file "exprom.h"
 Parameters:    Size  Location     Type
  EEPROMAddres    1    wreg     unsigned char 
  value           1   33[COMRAM] unsigned char 
 Auto vars:     Size  Location     Type
  EEPROMAddres    1   14[BANK0 ] unsigned char 
  SPICON1Save     4   10[BANK0 ] unsigned long 
  Dummy           2    8[BANK0 ] int 
  sr              1   15[BANK0 ] unsigned char 
 Return value:  Size  Location     Type
                  1    wreg      void 
 Registers used:
		wreg, status,2, status,0, cstack
 Tracked objects:
		On entry : 
		On exit  : 
		Unchanged: 
 Data sizes:     COMRAM   BANK0   BANK1   BANK2   BANK3   BANK4   BANK5   BANK6   BANK7   BANK8   BANK9  BANK10  BANK11  BANK12  BANK13  BANK14  BANK15
      Params:         1       0       0       0       0       0       0       0       0       0       0       0       0       0       0       0       0
      Locals:         0       8       0       0       0       0       0       0       0       0       0       0       0       0       0       0       0
      Temps:          0       0       0       0       0       0       0       0       0       0       0       0       0       0       0       0       0
      Totals:         1       8       0       0       0       0       0       0       0       0       0       0       0       0       0       0       0
Total ram usage:        9 bytes
 Hardware stack levels used:    1
 Hardware stack levels required when called:    4
 This function calls:
		_SPI1out
		_XEEIsBusy
		_wait
 This function is called by:
		_main
		_ee_write_char
 This function uses a non-reentrant model


 *************** function _XEEIsBusy *****************
 Defined at:
		line 126 in file "exprom.h"
 Parameters:    Size  Location     Type
		None
 Auto vars:     Size  Location     Type
  val             4    4[BANK0 ] unsigned long 
  SPICON1Save     4    0[BANK0 ] unsigned long 
  result          1    0        unsigned char 
 Return value:  Size  Location     Type
                  2   31[COMRAM] int 
 Registers used:
		wreg, status,2, status,0, cstack
 Tracked objects:
		On entry : 
		On exit  : 
		Unchanged: 
 Data sizes:     COMRAM   BANK0   BANK1   BANK2   BANK3   BANK4   BANK5   BANK6   BANK7   BANK8   BANK9  BANK10  BANK11  BANK12  BANK13  BANK14  BANK15
      Params:         2       0       0       0       0       0       0       0       0       0       0       0       0       0       0       0       0
      Locals:         0       8       0       0       0       0       0       0       0       0       0       0       0       0       0       0       0
      Temps:          0       0       0       0       0       0       0       0       0       0       0       0       0       0       0       0       0
      Totals:         2       8       0       0       0       0       0       0       0       0       0       0       0       0       0       0       0
Total ram usage:       10 bytes
 Hardware stack levels used:    1
 Hardware stack levels required when called:    3
 This function calls:
		_wait
 This function is called by:
		_eeWriteChar
 This function uses a non-reentrant model


 *************** function _wait *****************
 Defined at:
		line 38 in file "exprom.h"
 Parameters:    Size  Location     Type
		None
 Auto vars:     Size  Location     Type
		None
 Return value:  Size  Location     Type
                  1    wreg      void 
 Registers used:
		None
 Tracked objects:
		On entry : 
		On exit  : 
		Unchanged: 
 Data sizes:     COMRAM   BANK0   BANK1   BANK2   BANK3   BANK4   BANK5   BANK6   BANK7   BANK8   BANK9  BANK10  BANK11  BANK12  BANK13  BANK14  BANK15
      Params:         0       0       0       0       0       0       0       0       0       0       0       0       0       0       0       0       0
      Locals:         0       0       0       0       0       0       0       0       0       0       0       0       0       0       0       0       0
      Temps:          0       0       0       0       0       0       0       0       0       0       0       0       0       0       0       0       0
      Totals:         0       0       0       0       0       0       0       0       0       0       0       0       0       0       0       0       0
Total ram usage:        0 bytes
 Hardware stack levels used:    1
 Hardware stack levels required when called:    2
 This function calls:
		Nothing
 This function is called by:
		_XEERead
		_eeWriteChar
		_XEEIsBusy
 This function uses a non-reentrant model


 *************** function _XEEInit *****************
 Defined at:
		line 44 in file "exprom.h"
 Parameters:    Size  Location     Type
		None
 Auto vars:     Size  Location     Type
		None
 Return value:  Size  Location     Type
                  1    wreg      void 
 Registers used:
		wreg, status,2, cstack
 Tracked objects:
		On entry : 
		On exit  : 
		Unchanged: 
 Data sizes:     COMRAM   BANK0   BANK1   BANK2   BANK3   BANK4   BANK5   BANK6   BANK7   BANK8   BANK9  BANK10  BANK11  BANK12  BANK13  BANK14  BANK15
      Params:         0       0       0       0       0       0       0       0       0       0       0       0       0       0       0       0       0
      Locals:         0       0       0       0       0       0       0       0       0       0       0       0       0       0       0       0       0
      Temps:          0       0       0       0       0       0       0       0       0       0       0       0       0       0       0       0       0
      Totals:         0       0       0       0       0       0       0       0       0       0       0       0       0       0       0       0       0
Total ram usage:        0 bytes
 Hardware stack levels used:    1
 Hardware stack levels required when called:    4
 This function calls:
		_SPI1init
		_SPI1out
 This function is called by:
		_main
 This function uses a non-reentrant model


 *************** function _SPI1init *****************
 Defined at:
		line 6 in file "SPI.c"
 Parameters:    Size  Location     Type
		None
 Auto vars:     Size  Location     Type
		None
 Return value:  Size  Location     Type
                  1    wreg      void 
 Registers used:
		wreg, status,2, cstack
 Tracked objects:
		On entry : 
		On exit  : 
		Unchanged: 
 Data sizes:     COMRAM   BANK0   BANK1   BANK2   BANK3   BANK4   BANK5   BANK6   BANK7   BANK8   BANK9  BANK10  BANK11  BANK12  BANK13  BANK14  BANK15
      Params:         0       0       0       0       0       0       0       0       0       0       0       0       0       0       0       0       0
      Locals:         0       0       0       0       0       0       0       0       0       0       0       0       0       0       0       0       0
      Temps:          0       0       0       0       0       0       0       0       0       0       0       0       0       0       0       0       0
      Totals:         0       0       0       0       0       0       0       0       0       0       0       0       0       0       0       0       0
Total ram usage:        0 bytes
 Hardware stack levels used:    1
 Hardware stack levels required when called:    3
 This function calls:
		_SPI1out
 This function is called by:
		_XEEInit
 This function uses a non-reentrant model


 *************** function _SPI1out *****************
 Defined at:
		line 15 in file "SPI.c"
 Parameters:    Size  Location     Type
  Code            1    wreg     unsigned char 
 Auto vars:     Size  Location     Type
  Code            1   31[COMRAM] unsigned char 
 Return value:  Size  Location     Type
                  1    wreg      void 
 Registers used:
		wreg
 Tracked objects:
		On entry : 
		On exit  : 
		Unchanged: 
 Data sizes:     COMRAM   BANK0   BANK1   BANK2   BANK3   BANK4   BANK5   BANK6   BANK7   BANK8   BANK9  BANK10  BANK11  BANK12  BANK13  BANK14  BANK15
      Params:         0       0       0       0       0       0       0       0       0       0       0       0       0       0       0       0       0
      Locals:         1       0       0       0       0       0       0       0       0       0       0       0       0       0       0       0       0
      Temps:          0       0       0       0       0       0       0       0       0       0       0       0       0       0       0       0       0
      Totals:         1       0       0       0       0       0       0       0       0       0       0       0       0       0       0       0       0
Total ram usage:        1 bytes
 Hardware stack levels used:    1
 Hardware stack levels required when called:    2
 This function calls:
		Nothing
 This function is called by:
		_SPI1init
		_XEEInit
		_XEERead
		_eeWriteChar
		_SPI_LCD4send
 This function uses a non-reentrant model


 *************** function _Read_KeyPad *****************
 Defined at:
		line 14 in file "Keypad.c"
 Parameters:    Size  Location     Type
		None
 Auto vars:     Size  Location     Type
  i               2    1[BANK0 ] int 
  code            1    4[BANK0 ] unsigned char 
  Col             1    3[BANK0 ] unsigned char 
  value           1    0[BANK0 ] unsigned char 
 Return value:  Size  Location     Type
                  1    wreg      unsigned char 
 Registers used:
		wreg, fsr2l, fsr2h, status,2, status,0, prodl, prodh, cstack
 Tracked objects:
		On entry : 
		On exit  : 
		Unchanged: 
 Data sizes:     COMRAM   BANK0   BANK1   BANK2   BANK3   BANK4   BANK5   BANK6   BANK7   BANK8   BANK9  BANK10  BANK11  BANK12  BANK13  BANK14  BANK15
      Params:         0       0       0       0       0       0       0       0       0       0       0       0       0       0       0       0       0
      Locals:         0       5       0       0       0       0       0       0       0       0       0       0       0       0       0       0       0
      Temps:          0       0       0       0       0       0       0       0       0       0       0       0       0       0       0       0       0
      Totals:         0       5       0       0       0       0       0       0       0       0       0       0       0       0       0       0       0
Total ram usage:        5 bytes
 Hardware stack levels used:    1
 Hardware stack levels required when called:    3
 This function calls:
		_process_key
 This function is called by:
		_main
 This function uses a non-reentrant model


 *************** function _process_key *****************
 Defined at:
		line 37 in file "Keypad.c"
 Parameters:    Size  Location     Type
  code            1    wreg     unsigned char 
 Auto vars:     Size  Location     Type
  code            1   32[COMRAM] unsigned char 
  i               1   33[COMRAM] unsigned char 
 Return value:  Size  Location     Type
                  1    wreg      unsigned char 
 Registers used:
		wreg, fsr2l, fsr2h, status,2, status,0, prodl, prodh
 Tracked objects:
		On entry : 
		On exit  : 
		Unchanged: 
 Data sizes:     COMRAM   BANK0   BANK1   BANK2   BANK3   BANK4   BANK5   BANK6   BANK7   BANK8   BANK9  BANK10  BANK11  BANK12  BANK13  BANK14  BANK15
      Params:         0       0       0       0       0       0       0       0       0       0       0       0       0       0       0       0       0
      Locals:         2       0       0       0       0       0       0       0       0       0       0       0       0       0       0       0       0
      Temps:          1       0       0       0       0       0       0       0       0       0       0       0       0       0       0       0       0
      Totals:         3       0       0       0       0       0       0       0       0       0       0       0       0       0       0       0       0
Total ram usage:        3 bytes
 Hardware stack levels used:    1
 Hardware stack levels required when called:    2
 This function calls:
		Nothing
 This function is called by:
		_Read_KeyPad
 This function uses a non-reentrant model


 *************** function _LCD8init *****************
 Defined at:
		line 12 in file "LCD8.c"
 Parameters:    Size  Location     Type
		None
 Auto vars:     Size  Location     Type
		None
 Return value:  Size  Location     Type
                  1    wreg      void 
 Registers used:
		wreg, status,2, status,0, cstack
 Tracked objects:
		On entry : 
		On exit  : 
		Unchanged: 
 Data sizes:     COMRAM   BANK0   BANK1   BANK2   BANK3   BANK4   BANK5   BANK6   BANK7   BANK8   BANK9  BANK10  BANK11  BANK12  BANK13  BANK14  BANK15
      Params:         0       0       0       0       0       0       0       0       0       0       0       0       0       0       0       0       0
      Locals:         0       0       0       0       0       0       0       0       0       0       0       0       0       0       0       0       0
      Temps:          0       0       0       0       0       0       0       0       0       0       0       0       0       0       0       0       0
      Totals:         0       0       0       0       0       0       0       0       0       0       0       0       0       0       0       0       0
Total ram usage:        0 bytes
 Hardware stack levels used:    1
 Hardware stack levels required when called:    4
 This function calls:
		_LCD8send
		_delay_ms
 This function is called by:
		_main
 This function uses a non-reentrant model


 *************** function _LCD8send *****************
 Defined at:
		line 42 in file "LCD8.c"
 Parameters:    Size  Location     Type
  c               1    wreg     unsigned char 
  mode            1   34[COMRAM] unsigned char 
 Auto vars:     Size  Location     Type
  c               1    2[BANK0 ] unsigned char 
 Return value:  Size  Location     Type
                  1    wreg      void 
 Registers used:
		wreg, status,2, status,0, cstack
 Tracked objects:
		On entry : 
		On exit  : 
		Unchanged: 
 Data sizes:     COMRAM   BANK0   BANK1   BANK2   BANK3   BANK4   BANK5   BANK6   BANK7   BANK8   BANK9  BANK10  BANK11  BANK12  BANK13  BANK14  BANK15
      Params:         1       0       0       0       0       0       0       0       0       0       0       0       0       0       0       0       0
      Locals:         0       1       0       0       0       0       0       0       0       0       0       0       0       0       0       0       0
      Temps:          0       0       0       0       0       0       0       0       0       0       0       0       0       0       0       0       0
      Totals:         1       1       0       0       0       0       0       0       0       0       0       0       0       0       0       0       0
Total ram usage:        2 bytes
 Hardware stack levels used:    1
 Hardware stack levels required when called:    3
 This function calls:
		_delay_ms
		_delay_us
 This function is called by:
		_LCD8init
		_lcdWriteLine
		_writeLCD
		_main
 This function uses a non-reentrant model


 *************** function _delay_us *****************
 Defined at:
		line 87 in file "delay.h"
 Parameters:    Size  Location     Type
  x               2   31[COMRAM] int 
 Auto vars:     Size  Location     Type
  i               2    0[BANK0 ] int 
 Return value:  Size  Location     Type
                  1    wreg      void 
 Registers used:
		wreg, status,2, status,0
 Tracked objects:
		On entry : 
		On exit  : 
		Unchanged: 
 Data sizes:     COMRAM   BANK0   BANK1   BANK2   BANK3   BANK4   BANK5   BANK6   BANK7   BANK8   BANK9  BANK10  BANK11  BANK12  BANK13  BANK14  BANK15
      Params:         2       0       0       0       0       0       0       0       0       0       0       0       0       0       0       0       0
      Locals:         0       2       0       0       0       0       0       0       0       0       0       0       0       0       0       0       0
      Temps:          1       0       0       0       0       0       0       0       0       0       0       0       0       0       0       0       0
      Totals:         3       2       0       0       0       0       0       0       0       0       0       0       0       0       0       0       0
Total ram usage:        5 bytes
 Hardware stack levels used:    1
 Hardware stack levels required when called:    2
 This function calls:
		Nothing
 This function is called by:
		_LCD8send
		_SPI_LCD4send
 This function uses a non-reentrant model


 *************** function _delay_ms *****************
 Defined at:
		line 79 in file "delay.h"
 Parameters:    Size  Location     Type
  x               2   31[COMRAM] int 
 Auto vars:     Size  Location     Type
  i               2    0[BANK0 ] int 
 Return value:  Size  Location     Type
                  1    wreg      void 
 Registers used:
		wreg, status,2, status,0
 Tracked objects:
		On entry : 
		On exit  : 
		Unchanged: 
 Data sizes:     COMRAM   BANK0   BANK1   BANK2   BANK3   BANK4   BANK5   BANK6   BANK7   BANK8   BANK9  BANK10  BANK11  BANK12  BANK13  BANK14  BANK15
      Params:         2       0       0       0       0       0       0       0       0       0       0       0       0       0       0       0       0
      Locals:         0       2       0       0       0       0       0       0       0       0       0       0       0       0       0       0       0
      Temps:          1       0       0       0       0       0       0       0       0       0       0       0       0       0       0       0       0
      Totals:         3       2       0       0       0       0       0       0       0       0       0       0       0       0       0       0       0
Total ram usage:        5 bytes
 Hardware stack levels used:    1
 Hardware stack levels required when called:    2
 This function calls:
		Nothing
 This function is called by:
		_LCD8init
		_LCD8send
		_main
		_SPI_LCD4send
		_SPI_LCD4init
		_writeEEPROM
 This function uses a non-reentrant model


 *************** function _KeyPadinit *****************
 Defined at:
		line 10 in file "Keypad.c"
 Parameters:    Size  Location     Type
		None
 Auto vars:     Size  Location     Type
		None
 Return value:  Size  Location     Type
                  1    wreg      void 
 Registers used:
		wreg, status,2
 Tracked objects:
		On entry : 
		On exit  : 
		Unchanged: 
 Data sizes:     COMRAM   BANK0   BANK1   BANK2   BANK3   BANK4   BANK5   BANK6   BANK7   BANK8   BANK9  BANK10  BANK11  BANK12  BANK13  BANK14  BANK15
      Params:         0       0       0       0       0       0       0       0       0       0       0       0       0       0       0       0       0
      Locals:         0       0       0       0       0       0       0       0       0       0       0       0       0       0       0       0       0
      Temps:          0       0       0       0       0       0       0       0       0       0       0       0       0       0       0       0       0
      Totals:         0       0       0       0       0       0       0       0       0       0       0       0       0       0       0       0       0
Total ram usage:        0 bytes
 Hardware stack levels used:    1
 Hardware stack levels required when called:    2
 This function calls:
		Nothing
 This function is called by:
		_main
 This function uses a non-reentrant model


 *************** function _LowIsr *****************
 Defined at:
		line 32 in file "test.c"
 Parameters:    Size  Location     Type
		None
 Auto vars:     Size  Location     Type
		None
 Return value:  Size  Location     Type
                  1    wreg      void 
 Registers used:
		None
 Tracked objects:
		On entry : 
		On exit  : 
		Unchanged: 
 Data sizes:     COMRAM   BANK0   BANK1   BANK2   BANK3   BANK4   BANK5   BANK6   BANK7   BANK8   BANK9  BANK10  BANK11  BANK12  BANK13  BANK14  BANK15
      Params:         0       0       0       0       0       0       0       0       0       0       0       0       0       0       0       0       0
      Locals:         0       0       0       0       0       0       0       0       0       0       0       0       0       0       0       0       0
      Temps:         17       0       0       0       0       0       0       0       0       0       0       0       0       0       0       0       0
      Totals:        17       0       0       0       0       0       0       0       0       0       0       0       0       0       0       0       0
Total ram usage:       17 bytes
 Hardware stack levels used:    1
 Hardware stack levels required when called:    1
 This function calls:
		Nothing
 This function is called by:
		Interrupt level 1
 This function uses a non-reentrant model


 *************** function _HighIsr *****************
 Defined at:
		line 18 in file "test.c"
 Parameters:    Size  Location     Type
		None
 Auto vars:     Size  Location     Type
		None
 Return value:  Size  Location     Type
                  1    wreg      void 
 Registers used:
		wreg, status,2, status,0
 Tracked objects:
		On entry : 
		On exit  : 
		Unchanged: 
 Data sizes:     COMRAM   BANK0   BANK1   BANK2   BANK3   BANK4   BANK5   BANK6   BANK7   BANK8   BANK9  BANK10  BANK11  BANK12  BANK13  BANK14  BANK15
      Params:         0       0       0       0       0       0       0       0       0       0       0       0       0       0       0       0       0
      Locals:         0       0       0       0       0       0       0       0       0       0       0       0       0       0       0       0       0
      Temps:         14       0       0       0       0       0       0       0       0       0       0       0       0       0       0       0       0
      Totals:        14       0       0       0       0       0       0       0       0       0       0       0       0       0       0       0       0
Total ram usage:       14 bytes
 Hardware stack levels used:    1
 This function calls:
		Nothing
 This function is called by:
		Interrupt level 2
 This function uses a non-reentrant model



MODULE INFORMATION

Module		Function		Class		Link	Load	Size
LCD8.c
		_LCD8init      		CODE           	14D8	0000	191
		_LCD8send      		CODE           	1966	0000	61

LCD8.c estimated size: 252

test.c
		_HighIsr       		CODE           	0008	0000	161
		_main          		CODE           	102C	0000	793
		_LowIsr        		CODE           	0018	0000	143
		_lcdWriteLine  		CODE           	1596	0000	151
		_writeLCD      		CODE           	186E	0000	87
		_writeNum      		CODE           	19DE	0000	59

test.c estimated size: 1394

delay.h
		_delay_us      		CODE           	1A4A	0000	51
		_delay_ms      		CODE           	19A2	0000	61

delay.h estimated size: 112

C:\Program Files (x86)\Microchip\xc8\v1.37\sources\common\doprnt.c
		_sprintf       		CODE           	1344	0000	405

C:\Program Files (x86)\Microchip\xc8\v1.37\sources\common\doprnt.c estimated size: 405

Keypad.c
		_process_key   		CODE           	1A18	0000	51
		_KeyPadinit    		CODE           	1B22	0000	7
		_Read_KeyPad   		CODE           	1738	0000	119

Keypad.c estimated size: 177

C:\Program Files (x86)\Microchip\xc8\v1.37\sources\common\lwdiv.c
		___lwdiv       		CODE           	1810	0000	95

C:\Program Files (x86)\Microchip\xc8\v1.37\sources\common\lwdiv.c estimated size: 95

exprom.h
		_XEERead       		CODE           	1A7C	0000	41
		_eeWriteChar   		CODE           	16BE	0000	123
		_XEEInit       		CODE           	1AA4	0000	27
		_XEEIsBusy     		CODE           	1916	0000	81
		_wait          		CODE           	1B1C	0000	7

exprom.h estimated size: 279

EEPROM.h
		_ee_read_byte  		CODE           	1AD6	0000	21

EEPROM.h estimated size: 21

shared
		_READ_MODE     		SMALLCONST     	100F	0000	3
		_dpowers       		SMALLCONST     	1001	0000	11
		__initialization		CODE           	18C4	0000	73
		_WRITE_MODE    		SMALLCONST     	1011	0000	3
		_EEDELAY       		SMALLCONST     	100B	0000	5

shared estimated size: 95

SPI.c
		_SPI1init      		CODE           	1AEA	0000	19
		_SPI1out       		CODE           	1B0C	0000	17

SPI.c estimated size: 36

C:\Program Files (x86)\Microchip\xc8\v1.37\sources\common\lwmod.c
		___lwmod       		CODE           	17AE	0000	99

C:\Program Files (x86)\Microchip\xc8\v1.37\sources\common\lwmod.c estimated size: 99

